2025-10-12 17:04:42 - LinkedInBot - INFO - Log file created: logs\linkedin_bot_20251012_170442.log
2025-10-12 17:04:42 - LinkedInBot - INFO - ================================================================================
2025-10-12 17:04:42 - LinkedInBot - INFO - LinkedIn Job Application Bot Started
2025-10-12 17:04:42 - LinkedInBot - INFO - Session started at: 2025-10-12 17:04:42
2025-10-12 17:04:42 - LinkedInBot - INFO - ================================================================================
2025-10-12 17:04:42 - LinkedInBot - INFO - Configuration loaded successfully
2025-10-12 17:04:42 - LinkedInBot.Auth - INFO - Initializing browser...
2025-10-12 17:04:43 - LinkedInBot.Auth - INFO - Navigating to LinkedIn login page...
2025-10-12 17:04:45 - LinkedInBot.Auth - DEBUG - Entering email...
2025-10-12 17:04:46 - LinkedInBot.Auth - DEBUG - Entering password...
2025-10-12 17:04:47 - LinkedInBot.Auth - DEBUG - Clicking sign in button...
2025-10-12 17:04:47 - LinkedInBot.Auth - INFO - Waiting for login to complete...
2025-10-12 17:04:52 - LinkedInBot.Auth - INFO - ✓ Login successful!
2025-10-12 17:04:52 - LinkedInBot - INFO - LinkedIn login successful
2025-10-12 17:04:52 - LinkedInBot - INFO - Searching for: Software Engineer
2025-10-12 17:04:52 - LinkedInBot.JobSearch - DEBUG - Navigating to: https://www.linkedin.com/jobs/search/?keywords=Software%20Engineer&f_AL=true
2025-10-12 17:05:49 - LinkedInBot.JobSearch - INFO - 
[1/20] Processing job...
2025-10-12 17:05:53 - LinkedInBot - INFO - Job: Unknown at Unknown
2025-10-12 17:05:53 - LinkedInBot - INFO - Clicked Easy Apply button
2025-10-12 17:05:56 - LinkedInBot - DEBUG - Processing form step 1...
2025-10-12 17:05:59 - LinkedInBot - DEBUG - Uploaded resume
2025-10-12 17:06:02 - LinkedInBot - DEBUG - Clicked Submit button
2025-10-12 17:06:02 - LinkedInBot - INFO - ✓ Application submitted successfully!
2025-10-12 17:06:06 - LinkedInBot - DEBUG - Closed success modal
2025-10-12 17:06:06 - LinkedInBot.JobSearch - INFO - ✓ Applied! Total: 1
2025-10-12 17:06:06 - LinkedInBot.JobSearch - INFO - 
[2/20] Processing job...
2025-10-12 17:06:10 - LinkedInBot - INFO - Already applied to: Unknown
2025-10-12 17:06:11 - LinkedInBot.JobSearch - INFO - 
[3/20] Processing job...
2025-10-12 17:06:15 - LinkedInBot - INFO - Job: Unknown at Unknown
2025-10-12 17:06:15 - LinkedInBot - INFO - Clicked Easy Apply button
2025-10-12 17:06:18 - LinkedInBot - DEBUG - Processing form step 1...
2025-10-12 17:06:21 - LinkedInBot - DEBUG - Uploaded resume
2025-10-12 17:06:23 - LinkedInBot - DEBUG - Clicked Submit button
2025-10-12 17:06:23 - LinkedInBot - INFO - ✓ Application submitted successfully!
2025-10-12 17:06:28 - LinkedInBot - DEBUG - Closed success modal
2025-10-12 17:06:28 - LinkedInBot.JobSearch - INFO - ✓ Applied! Total: 2
2025-10-12 17:06:28 - LinkedInBot.JobSearch - INFO - 
[4/20] Processing job...
2025-10-12 17:06:32 - LinkedInBot - INFO - Job: Unknown at Unknown
2025-10-12 17:06:33 - LinkedInBot - INFO - Clicked Easy Apply button
2025-10-12 17:06:36 - LinkedInBot - DEBUG - Processing form step 1...
2025-10-12 17:06:39 - LinkedInBot - DEBUG - Clicked Continue button
2025-10-12 17:06:39 - LinkedInBot - DEBUG - Moved to next step
2025-10-12 17:06:39 - LinkedInBot - DEBUG - Processing form step 2...
2025-10-12 17:06:41 - LinkedInBot - DEBUG - Uploaded resume
2025-10-12 17:06:44 - LinkedInBot - DEBUG - Clicked Continue button
2025-10-12 17:06:44 - LinkedInBot - DEBUG - Moved to next step
2025-10-12 17:06:44 - LinkedInBot - DEBUG - Processing form step 3...
2025-10-12 17:06:47 - LinkedInBot - DEBUG - Clicked Review button
2025-10-12 17:06:47 - LinkedInBot - DEBUG - Reviewing application
2025-10-12 17:06:47 - LinkedInBot - DEBUG - Processing form step 4...
2025-10-12 17:06:50 - LinkedInBot - DEBUG - Clicked Review button
2025-10-12 17:06:50 - LinkedInBot - DEBUG - Reviewing application
2025-10-12 17:06:50 - LinkedInBot - DEBUG - Processing form step 5...
2025-10-12 17:06:53 - LinkedInBot - DEBUG - Clicked Review button
2025-10-12 17:06:53 - LinkedInBot - DEBUG - Reviewing application
2025-10-12 17:06:53 - LinkedInBot - DEBUG - Processing form step 6...
2025-10-12 17:06:57 - LinkedInBot - DEBUG - Element became stale, retrying...
2025-10-12 17:06:58 - LinkedInBot - DEBUG - Element became stale, retrying...
2025-10-12 17:06:59 - LinkedInBot - ERROR - Error clicking navigation button: Message: invalid session id: session deleted as the browser has closed the connection
from disconnected: not connected to DevTools
  (Session info: chrome=141.0.7390.77); For documentation on this error, please visit: https://www.selenium.dev/documentation/webdriver/troubleshooting/errors#invalidsessionidexception
Stacktrace:
	GetHandleVerifier [0x0x7ff7918ae955+80021]
	GetHandleVerifier [0x0x7ff7918ae9b0+80112]
	(No symbol) [0x0x7ff79163060f]
	(No symbol) [0x0x7ff79161c145]
	(No symbol) [0x0x7ff79164177a]
	(No symbol) [0x0x7ff7916b8b06]
	(No symbol) [0x0x7ff7916d8fa2]
	(No symbol) [0x0x7ff7916b1003]
	(No symbol) [0x0x7ff7916795d1]
	(No symbol) [0x0x7ff79167a3f3]
	GetHandleVerifier [0x0x7ff791b6dd0d+2960461]
	GetHandleVerifier [0x0x7ff791b67fca+2936586]
	GetHandleVerifier [0x0x7ff791b88a07+3070279]
	GetHandleVerifier [0x0x7ff7918c843e+185214]
	GetHandleVerifier [0x0x7ff7918cfe8f+216527]
	GetHandleVerifier [0x0x7ff7918b7b94+117460]
	GetHandleVerifier [0x0x7ff7918b7d4f+117903]
	GetHandleVerifier [0x0x7ff79189dc28+11112]
	BaseThreadInitThunk [0x0x7ffe5e07e8d7+23]
	RtlUserThreadStart [0x0x7ffe5ed4c53c+44]

2025-10-12 17:06:59 - LinkedInBot - WARNING - Could not find next/submit button, discarding application
2025-10-12 17:06:59 - LinkedInBot - DEBUG - Error discarding application: Message: invalid session id; For documentation on this error, please visit: https://www.selenium.dev/documentation/webdriver/troubleshooting/errors#invalidsessionidexception
Stacktrace:
	GetHandleVerifier [0x0x7ff7918ae955+80021]
	GetHandleVerifier [0x0x7ff7918ae9b0+80112]
	(No symbol) [0x0x7ff791630425]
	(No symbol) [0x0x7ff79167864f]
	(No symbol) [0x0x7ff7916b10f2]
	(No symbol) [0x0x7ff7916ab89f]
	(No symbol) [0x0x7ff7916aa94a]
	(No symbol) [0x0x7ff7915fa765]
	GetHandleVerifier [0x0x7ff791b6dd0d+2960461]
	GetHandleVerifier [0x0x7ff791b67fca+2936586]
	GetHandleVerifier [0x0x7ff791b88a07+3070279]
	GetHandleVerifier [0x0x7ff7918c843e+185214]
	GetHandleVerifier [0x0x7ff7918cfe8f+216527]
	(No symbol) [0x0x7ff7915f970e]
	GetHandleVerifier [0x0x7ff791ca6af8+4241976]
	BaseThreadInitThunk [0x0x7ffe5e07e8d7+23]
	RtlUserThreadStart [0x0x7ffe5ed4c53c+44]

2025-10-12 17:07:00 - LinkedInBot.JobSearch - DEBUG - Error processing job card: Message: invalid session id; For documentation on this error, please visit: https://www.selenium.dev/documentation/webdriver/troubleshooting/errors#invalidsessionidexception
Stacktrace:
	GetHandleVerifier [0x0x7ff7918ae955+80021]
	GetHandleVerifier [0x0x7ff7918ae9b0+80112]
	(No symbol) [0x0x7ff791630425]
	(No symbol) [0x0x7ff79167864f]
	(No symbol) [0x0x7ff7916b10f2]
	(No symbol) [0x0x7ff7916ab89f]
	(No symbol) [0x0x7ff7916aa94a]
	(No symbol) [0x0x7ff7915fa765]
	GetHandleVerifier [0x0x7ff791b6dd0d+2960461]
	GetHandleVerifier [0x0x7ff791b67fca+2936586]
	GetHandleVerifier [0x0x7ff791b88a07+3070279]
	GetHandleVerifier [0x0x7ff7918c843e+185214]
	GetHandleVerifier [0x0x7ff7918cfe8f+216527]
	(No symbol) [0x0x7ff7915f970e]
	GetHandleVerifier [0x0x7ff791ca6af8+4241976]
	BaseThreadInitThunk [0x0x7ffe5e07e8d7+23]
	RtlUserThreadStart [0x0x7ffe5ed4c53c+44]

2025-10-12 17:07:00 - LinkedInBot.JobSearch - DEBUG - Error processing job card: Message: invalid session id; For documentation on this error, please visit: https://www.selenium.dev/documentation/webdriver/troubleshooting/errors#invalidsessionidexception
Stacktrace:
	GetHandleVerifier [0x0x7ff7918ae955+80021]
	GetHandleVerifier [0x0x7ff7918ae9b0+80112]
	(No symbol) [0x0x7ff791630425]
	(No symbol) [0x0x7ff79167864f]
	(No symbol) [0x0x7ff7916b10f2]
	(No symbol) [0x0x7ff7916ab89f]
	(No symbol) [0x0x7ff7916aa94a]
	(No symbol) [0x0x7ff7915fa765]
	GetHandleVerifier [0x0x7ff791b6dd0d+2960461]
	GetHandleVerifier [0x0x7ff791b67fca+2936586]
	GetHandleVerifier [0x0x7ff791b88a07+3070279]
	GetHandleVerifier [0x0x7ff7918c843e+185214]
	GetHandleVerifier [0x0x7ff7918cfe8f+216527]
	(No symbol) [0x0x7ff7915f970e]
	GetHandleVerifier [0x0x7ff791ca6af8+4241976]
	BaseThreadInitThunk [0x0x7ffe5e07e8d7+23]
	RtlUserThreadStart [0x0x7ffe5ed4c53c+44]

2025-10-12 17:07:00 - LinkedInBot.JobSearch - DEBUG - Error processing job card: Message: invalid session id; For documentation on this error, please visit: https://www.selenium.dev/documentation/webdriver/troubleshooting/errors#invalidsessionidexception
Stacktrace:
	GetHandleVerifier [0x0x7ff7918ae955+80021]
	GetHandleVerifier [0x0x7ff7918ae9b0+80112]
	(No symbol) [0x0x7ff791630425]
	(No symbol) [0x0x7ff79167864f]
	(No symbol) [0x0x7ff7916b10f2]
	(No symbol) [0x0x7ff7916ab89f]
	(No symbol) [0x0x7ff7916aa94a]
	(No symbol) [0x0x7ff7915fa765]
	GetHandleVerifier [0x0x7ff791b6dd0d+2960461]
	GetHandleVerifier [0x0x7ff791b67fca+2936586]
	GetHandleVerifier [0x0x7ff791b88a07+3070279]
	GetHandleVerifier [0x0x7ff7918c843e+185214]
	GetHandleVerifier [0x0x7ff7918cfe8f+216527]
	(No symbol) [0x0x7ff7915f970e]
	GetHandleVerifier [0x0x7ff791ca6af8+4241976]
	BaseThreadInitThunk [0x0x7ffe5e07e8d7+23]
	RtlUserThreadStart [0x0x7ffe5ed4c53c+44]

2025-10-12 17:07:00 - LinkedInBot.JobSearch - DEBUG - Error processing job card: Message: invalid session id; For documentation on this error, please visit: https://www.selenium.dev/documentation/webdriver/troubleshooting/errors#invalidsessionidexception
Stacktrace:
	GetHandleVerifier [0x0x7ff7918ae955+80021]
	GetHandleVerifier [0x0x7ff7918ae9b0+80112]
	(No symbol) [0x0x7ff791630425]
	(No symbol) [0x0x7ff79167864f]
	(No symbol) [0x0x7ff7916b10f2]
	(No symbol) [0x0x7ff7916ab89f]
	(No symbol) [0x0x7ff7916aa94a]
	(No symbol) [0x0x7ff7915fa765]
	GetHandleVerifier [0x0x7ff791b6dd0d+2960461]
	GetHandleVerifier [0x0x7ff791b67fca+2936586]
	GetHandleVerifier [0x0x7ff791b88a07+3070279]
	GetHandleVerifier [0x0x7ff7918c843e+185214]
	GetHandleVerifier [0x0x7ff7918cfe8f+216527]
	(No symbol) [0x0x7ff7915f970e]
	GetHandleVerifier [0x0x7ff791ca6af8+4241976]
	BaseThreadInitThunk [0x0x7ffe5e07e8d7+23]
	RtlUserThreadStart [0x0x7ffe5ed4c53c+44]

2025-10-12 17:07:00 - LinkedInBot.JobSearch - DEBUG - Error processing job card: Message: invalid session id; For documentation on this error, please visit: https://www.selenium.dev/documentation/webdriver/troubleshooting/errors#invalidsessionidexception
Stacktrace:
	GetHandleVerifier [0x0x7ff7918ae955+80021]
	GetHandleVerifier [0x0x7ff7918ae9b0+80112]
	(No symbol) [0x0x7ff791630425]
	(No symbol) [0x0x7ff79167864f]
	(No symbol) [0x0x7ff7916b10f2]
	(No symbol) [0x0x7ff7916ab89f]
	(No symbol) [0x0x7ff7916aa94a]
	(No symbol) [0x0x7ff7915fa765]
	GetHandleVerifier [0x0x7ff791b6dd0d+2960461]
	GetHandleVerifier [0x0x7ff791b67fca+2936586]
	GetHandleVerifier [0x0x7ff791b88a07+3070279]
	GetHandleVerifier [0x0x7ff7918c843e+185214]
	GetHandleVerifier [0x0x7ff7918cfe8f+216527]
	(No symbol) [0x0x7ff7915f970e]
	GetHandleVerifier [0x0x7ff791ca6af8+4241976]
	BaseThreadInitThunk [0x0x7ffe5e07e8d7+23]
	RtlUserThreadStart [0x0x7ffe5ed4c53c+44]

2025-10-12 17:07:00 - LinkedInBot.JobSearch - DEBUG - Error processing job card: Message: invalid session id; For documentation on this error, please visit: https://www.selenium.dev/documentation/webdriver/troubleshooting/errors#invalidsessionidexception
Stacktrace:
	GetHandleVerifier [0x0x7ff7918ae955+80021]
	GetHandleVerifier [0x0x7ff7918ae9b0+80112]
	(No symbol) [0x0x7ff791630425]
	(No symbol) [0x0x7ff79167864f]
	(No symbol) [0x0x7ff7916b10f2]
	(No symbol) [0x0x7ff7916ab89f]
	(No symbol) [0x0x7ff7916aa94a]
	(No symbol) [0x0x7ff7915fa765]
	GetHandleVerifier [0x0x7ff791b6dd0d+2960461]
	GetHandleVerifier [0x0x7ff791b67fca+2936586]
	GetHandleVerifier [0x0x7ff791b88a07+3070279]
	GetHandleVerifier [0x0x7ff7918c843e+185214]
	GetHandleVerifier [0x0x7ff7918cfe8f+216527]
	(No symbol) [0x0x7ff7915f970e]
	GetHandleVerifier [0x0x7ff791ca6af8+4241976]
	BaseThreadInitThunk [0x0x7ffe5e07e8d7+23]
	RtlUserThreadStart [0x0x7ffe5ed4c53c+44]

2025-10-12 17:07:00 - LinkedInBot.JobSearch - DEBUG - Error processing job card: Message: invalid session id; For documentation on this error, please visit: https://www.selenium.dev/documentation/webdriver/troubleshooting/errors#invalidsessionidexception
Stacktrace:
	GetHandleVerifier [0x0x7ff7918ae955+80021]
	GetHandleVerifier [0x0x7ff7918ae9b0+80112]
	(No symbol) [0x0x7ff791630425]
	(No symbol) [0x0x7ff79167864f]
	(No symbol) [0x0x7ff7916b10f2]
	(No symbol) [0x0x7ff7916ab89f]
	(No symbol) [0x0x7ff7916aa94a]
	(No symbol) [0x0x7ff7915fa765]
	GetHandleVerifier [0x0x7ff791b6dd0d+2960461]
	GetHandleVerifier [0x0x7ff791b67fca+2936586]
	GetHandleVerifier [0x0x7ff791b88a07+3070279]
	GetHandleVerifier [0x0x7ff7918c843e+185214]
	GetHandleVerifier [0x0x7ff7918cfe8f+216527]
	(No symbol) [0x0x7ff7915f970e]
	GetHandleVerifier [0x0x7ff791ca6af8+4241976]
	BaseThreadInitThunk [0x0x7ffe5e07e8d7+23]
	RtlUserThreadStart [0x0x7ffe5ed4c53c+44]

2025-10-12 17:07:00 - LinkedInBot.JobSearch - DEBUG - Error processing job card: Message: invalid session id; For documentation on this error, please visit: https://www.selenium.dev/documentation/webdriver/troubleshooting/errors#invalidsessionidexception
Stacktrace:
	GetHandleVerifier [0x0x7ff7918ae955+80021]
	GetHandleVerifier [0x0x7ff7918ae9b0+80112]
	(No symbol) [0x0x7ff791630425]
	(No symbol) [0x0x7ff79167864f]
	(No symbol) [0x0x7ff7916b10f2]
	(No symbol) [0x0x7ff7916ab89f]
	(No symbol) [0x0x7ff7916aa94a]
	(No symbol) [0x0x7ff7915fa765]
	GetHandleVerifier [0x0x7ff791b6dd0d+2960461]
	GetHandleVerifier [0x0x7ff791b67fca+2936586]
	GetHandleVerifier [0x0x7ff791b88a07+3070279]
	GetHandleVerifier [0x0x7ff7918c843e+185214]
	GetHandleVerifier [0x0x7ff7918cfe8f+216527]
	(No symbol) [0x0x7ff7915f970e]
	GetHandleVerifier [0x0x7ff791ca6af8+4241976]
	BaseThreadInitThunk [0x0x7ffe5e07e8d7+23]
	RtlUserThreadStart [0x0x7ffe5ed4c53c+44]

2025-10-12 17:07:00 - LinkedInBot.JobSearch - DEBUG - Error processing job card: Message: invalid session id; For documentation on this error, please visit: https://www.selenium.dev/documentation/webdriver/troubleshooting/errors#invalidsessionidexception
Stacktrace:
	GetHandleVerifier [0x0x7ff7918ae955+80021]
	GetHandleVerifier [0x0x7ff7918ae9b0+80112]
	(No symbol) [0x0x7ff791630425]
	(No symbol) [0x0x7ff79167864f]
	(No symbol) [0x0x7ff7916b10f2]
	(No symbol) [0x0x7ff7916ab89f]
	(No symbol) [0x0x7ff7916aa94a]
	(No symbol) [0x0x7ff7915fa765]
	GetHandleVerifier [0x0x7ff791b6dd0d+2960461]
	GetHandleVerifier [0x0x7ff791b67fca+2936586]
	GetHandleVerifier [0x0x7ff791b88a07+3070279]
	GetHandleVerifier [0x0x7ff7918c843e+185214]
	GetHandleVerifier [0x0x7ff7918cfe8f+216527]
	(No symbol) [0x0x7ff7915f970e]
	GetHandleVerifier [0x0x7ff791ca6af8+4241976]
	BaseThreadInitThunk [0x0x7ffe5e07e8d7+23]
	RtlUserThreadStart [0x0x7ffe5ed4c53c+44]

2025-10-12 17:07:00 - LinkedInBot.JobSearch - DEBUG - Error processing job card: Message: invalid session id; For documentation on this error, please visit: https://www.selenium.dev/documentation/webdriver/troubleshooting/errors#invalidsessionidexception
Stacktrace:
	GetHandleVerifier [0x0x7ff7918ae955+80021]
	GetHandleVerifier [0x0x7ff7918ae9b0+80112]
	(No symbol) [0x0x7ff791630425]
	(No symbol) [0x0x7ff79167864f]
	(No symbol) [0x0x7ff7916b10f2]
	(No symbol) [0x0x7ff7916ab89f]
	(No symbol) [0x0x7ff7916aa94a]
	(No symbol) [0x0x7ff7915fa765]
	GetHandleVerifier [0x0x7ff791b6dd0d+2960461]
	GetHandleVerifier [0x0x7ff791b67fca+2936586]
	GetHandleVerifier [0x0x7ff791b88a07+3070279]
	GetHandleVerifier [0x0x7ff7918c843e+185214]
	GetHandleVerifier [0x0x7ff7918cfe8f+216527]
	(No symbol) [0x0x7ff7915f970e]
	GetHandleVerifier [0x0x7ff791ca6af8+4241976]
	BaseThreadInitThunk [0x0x7ffe5e07e8d7+23]
	RtlUserThreadStart [0x0x7ffe5ed4c53c+44]

2025-10-12 17:07:00 - LinkedInBot.JobSearch - DEBUG - Error processing job card: Message: invalid session id; For documentation on this error, please visit: https://www.selenium.dev/documentation/webdriver/troubleshooting/errors#invalidsessionidexception
Stacktrace:
	GetHandleVerifier [0x0x7ff7918ae955+80021]
	GetHandleVerifier [0x0x7ff7918ae9b0+80112]
	(No symbol) [0x0x7ff791630425]
	(No symbol) [0x0x7ff79167864f]
	(No symbol) [0x0x7ff7916b10f2]
	(No symbol) [0x0x7ff7916ab89f]
	(No symbol) [0x0x7ff7916aa94a]
	(No symbol) [0x0x7ff7915fa765]
	GetHandleVerifier [0x0x7ff791b6dd0d+2960461]
	GetHandleVerifier [0x0x7ff791b67fca+2936586]
	GetHandleVerifier [0x0x7ff791b88a07+3070279]
	GetHandleVerifier [0x0x7ff7918c843e+185214]
	GetHandleVerifier [0x0x7ff7918cfe8f+216527]
	(No symbol) [0x0x7ff7915f970e]
	GetHandleVerifier [0x0x7ff791ca6af8+4241976]
	BaseThreadInitThunk [0x0x7ffe5e07e8d7+23]
	RtlUserThreadStart [0x0x7ffe5ed4c53c+44]

2025-10-12 17:07:00 - LinkedInBot.JobSearch - DEBUG - Error processing job card: Message: invalid session id; For documentation on this error, please visit: https://www.selenium.dev/documentation/webdriver/troubleshooting/errors#invalidsessionidexception
Stacktrace:
	GetHandleVerifier [0x0x7ff7918ae955+80021]
	GetHandleVerifier [0x0x7ff7918ae9b0+80112]
	(No symbol) [0x0x7ff791630425]
	(No symbol) [0x0x7ff79167864f]
	(No symbol) [0x0x7ff7916b10f2]
	(No symbol) [0x0x7ff7916ab89f]
	(No symbol) [0x0x7ff7916aa94a]
	(No symbol) [0x0x7ff7915fa765]
	GetHandleVerifier [0x0x7ff791b6dd0d+2960461]
	GetHandleVerifier [0x0x7ff791b67fca+2936586]
	GetHandleVerifier [0x0x7ff791b88a07+3070279]
	GetHandleVerifier [0x0x7ff7918c843e+185214]
	GetHandleVerifier [0x0x7ff7918cfe8f+216527]
	(No symbol) [0x0x7ff7915f970e]
	GetHandleVerifier [0x0x7ff791ca6af8+4241976]
	BaseThreadInitThunk [0x0x7ffe5e07e8d7+23]
	RtlUserThreadStart [0x0x7ffe5ed4c53c+44]

2025-10-12 17:07:00 - LinkedInBot.JobSearch - DEBUG - Error processing job card: Message: invalid session id; For documentation on this error, please visit: https://www.selenium.dev/documentation/webdriver/troubleshooting/errors#invalidsessionidexception
Stacktrace:
	GetHandleVerifier [0x0x7ff7918ae955+80021]
	GetHandleVerifier [0x0x7ff7918ae9b0+80112]
	(No symbol) [0x0x7ff791630425]
	(No symbol) [0x0x7ff79167864f]
	(No symbol) [0x0x7ff7916b10f2]
	(No symbol) [0x0x7ff7916ab89f]
	(No symbol) [0x0x7ff7916aa94a]
	(No symbol) [0x0x7ff7915fa765]
	GetHandleVerifier [0x0x7ff791b6dd0d+2960461]
	GetHandleVerifier [0x0x7ff791b67fca+2936586]
	GetHandleVerifier [0x0x7ff791b88a07+3070279]
	GetHandleVerifier [0x0x7ff7918c843e+185214]
	GetHandleVerifier [0x0x7ff7918cfe8f+216527]
	(No symbol) [0x0x7ff7915f970e]
	GetHandleVerifier [0x0x7ff791ca6af8+4241976]
	BaseThreadInitThunk [0x0x7ffe5e07e8d7+23]
	RtlUserThreadStart [0x0x7ffe5ed4c53c+44]

2025-10-12 17:07:00 - LinkedInBot.JobSearch - DEBUG - Error processing job card: Message: invalid session id; For documentation on this error, please visit: https://www.selenium.dev/documentation/webdriver/troubleshooting/errors#invalidsessionidexception
Stacktrace:
	GetHandleVerifier [0x0x7ff7918ae955+80021]
	GetHandleVerifier [0x0x7ff7918ae9b0+80112]
	(No symbol) [0x0x7ff791630425]
	(No symbol) [0x0x7ff79167864f]
	(No symbol) [0x0x7ff7916b10f2]
	(No symbol) [0x0x7ff7916ab89f]
	(No symbol) [0x0x7ff7916aa94a]
	(No symbol) [0x0x7ff7915fa765]
	GetHandleVerifier [0x0x7ff791b6dd0d+2960461]
	GetHandleVerifier [0x0x7ff791b67fca+2936586]
	GetHandleVerifier [0x0x7ff791b88a07+3070279]
	GetHandleVerifier [0x0x7ff7918c843e+185214]
	GetHandleVerifier [0x0x7ff7918cfe8f+216527]
	(No symbol) [0x0x7ff7915f970e]
	GetHandleVerifier [0x0x7ff791ca6af8+4241976]
	BaseThreadInitThunk [0x0x7ffe5e07e8d7+23]
	RtlUserThreadStart [0x0x7ffe5ed4c53c+44]

2025-10-12 17:07:00 - LinkedInBot.JobSearch - DEBUG - Error processing job card: Message: invalid session id; For documentation on this error, please visit: https://www.selenium.dev/documentation/webdriver/troubleshooting/errors#invalidsessionidexception
Stacktrace:
	GetHandleVerifier [0x0x7ff7918ae955+80021]
	GetHandleVerifier [0x0x7ff7918ae9b0+80112]
	(No symbol) [0x0x7ff791630425]
	(No symbol) [0x0x7ff79167864f]
	(No symbol) [0x0x7ff7916b10f2]
	(No symbol) [0x0x7ff7916ab89f]
	(No symbol) [0x0x7ff7916aa94a]
	(No symbol) [0x0x7ff7915fa765]
	GetHandleVerifier [0x0x7ff791b6dd0d+2960461]
	GetHandleVerifier [0x0x7ff791b67fca+2936586]
	GetHandleVerifier [0x0x7ff791b88a07+3070279]
	GetHandleVerifier [0x0x7ff7918c843e+185214]
	GetHandleVerifier [0x0x7ff7918cfe8f+216527]
	(No symbol) [0x0x7ff7915f970e]
	GetHandleVerifier [0x0x7ff791ca6af8+4241976]
	BaseThreadInitThunk [0x0x7ffe5e07e8d7+23]
	RtlUserThreadStart [0x0x7ffe5ed4c53c+44]

2025-10-12 17:07:00 - LinkedInBot.JobSearch - DEBUG - Error processing job card: Message: invalid session id; For documentation on this error, please visit: https://www.selenium.dev/documentation/webdriver/troubleshooting/errors#invalidsessionidexception
Stacktrace:
	GetHandleVerifier [0x0x7ff7918ae955+80021]
	GetHandleVerifier [0x0x7ff7918ae9b0+80112]
	(No symbol) [0x0x7ff791630425]
	(No symbol) [0x0x7ff79167864f]
	(No symbol) [0x0x7ff7916b10f2]
	(No symbol) [0x0x7ff7916ab89f]
	(No symbol) [0x0x7ff7916aa94a]
	(No symbol) [0x0x7ff7915fa765]
	GetHandleVerifier [0x0x7ff791b6dd0d+2960461]
	GetHandleVerifier [0x0x7ff791b67fca+2936586]
	GetHandleVerifier [0x0x7ff791b88a07+3070279]
	GetHandleVerifier [0x0x7ff7918c843e+185214]
	GetHandleVerifier [0x0x7ff7918cfe8f+216527]
	(No symbol) [0x0x7ff7915f970e]
	GetHandleVerifier [0x0x7ff791ca6af8+4241976]
	BaseThreadInitThunk [0x0x7ffe5e07e8d7+23]
	RtlUserThreadStart [0x0x7ffe5ed4c53c+44]

2025-10-12 17:07:00 - LinkedInBot.JobSearch - DEBUG - Error processing job card: Message: invalid session id; For documentation on this error, please visit: https://www.selenium.dev/documentation/webdriver/troubleshooting/errors#invalidsessionidexception
Stacktrace:
	GetHandleVerifier [0x0x7ff7918ae955+80021]
	GetHandleVerifier [0x0x7ff7918ae9b0+80112]
	(No symbol) [0x0x7ff791630425]
	(No symbol) [0x0x7ff79167864f]
	(No symbol) [0x0x7ff7916b10f2]
	(No symbol) [0x0x7ff7916ab89f]
	(No symbol) [0x0x7ff7916aa94a]
	(No symbol) [0x0x7ff7915fa765]
	GetHandleVerifier [0x0x7ff791b6dd0d+2960461]
	GetHandleVerifier [0x0x7ff791b67fca+2936586]
	GetHandleVerifier [0x0x7ff791b88a07+3070279]
	GetHandleVerifier [0x0x7ff7918c843e+185214]
	GetHandleVerifier [0x0x7ff7918cfe8f+216527]
	(No symbol) [0x0x7ff7915f970e]
	GetHandleVerifier [0x0x7ff791ca6af8+4241976]
	BaseThreadInitThunk [0x0x7ffe5e07e8d7+23]
	RtlUserThreadStart [0x0x7ffe5ed4c53c+44]

2025-10-12 17:07:00 - LinkedInBot.JobSearch - DEBUG - Error processing job card: Message: invalid session id; For documentation on this error, please visit: https://www.selenium.dev/documentation/webdriver/troubleshooting/errors#invalidsessionidexception
Stacktrace:
	GetHandleVerifier [0x0x7ff7918ae955+80021]
	GetHandleVerifier [0x0x7ff7918ae9b0+80112]
	(No symbol) [0x0x7ff791630425]
	(No symbol) [0x0x7ff79167864f]
	(No symbol) [0x0x7ff7916b10f2]
	(No symbol) [0x0x7ff7916ab89f]
	(No symbol) [0x0x7ff7916aa94a]
	(No symbol) [0x0x7ff7915fa765]
	GetHandleVerifier [0x0x7ff791b6dd0d+2960461]
	GetHandleVerifier [0x0x7ff791b67fca+2936586]
	GetHandleVerifier [0x0x7ff791b88a07+3070279]
	GetHandleVerifier [0x0x7ff7918c843e+185214]
	GetHandleVerifier [0x0x7ff7918cfe8f+216527]
	(No symbol) [0x0x7ff7915f970e]
	GetHandleVerifier [0x0x7ff791ca6af8+4241976]
	BaseThreadInitThunk [0x0x7ffe5e07e8d7+23]
	RtlUserThreadStart [0x0x7ffe5ed4c53c+44]

2025-10-12 17:07:00 - LinkedInBot.JobSearch - DEBUG - Error processing job card: Message: invalid session id; For documentation on this error, please visit: https://www.selenium.dev/documentation/webdriver/troubleshooting/errors#invalidsessionidexception
Stacktrace:
	GetHandleVerifier [0x0x7ff7918ae955+80021]
	GetHandleVerifier [0x0x7ff7918ae9b0+80112]
	(No symbol) [0x0x7ff791630425]
	(No symbol) [0x0x7ff79167864f]
	(No symbol) [0x0x7ff7916b10f2]
	(No symbol) [0x0x7ff7916ab89f]
	(No symbol) [0x0x7ff7916aa94a]
	(No symbol) [0x0x7ff7915fa765]
	GetHandleVerifier [0x0x7ff791b6dd0d+2960461]
	GetHandleVerifier [0x0x7ff791b67fca+2936586]
	GetHandleVerifier [0x0x7ff791b88a07+3070279]
	GetHandleVerifier [0x0x7ff7918c843e+185214]
	GetHandleVerifier [0x0x7ff7918cfe8f+216527]
	(No symbol) [0x0x7ff7915f970e]
	GetHandleVerifier [0x0x7ff791ca6af8+4241976]
	BaseThreadInitThunk [0x0x7ffe5e07e8d7+23]
	RtlUserThreadStart [0x0x7ffe5ed4c53c+44]

2025-10-12 17:07:00 - LinkedInBot.JobSearch - DEBUG - Error processing job card: Message: invalid session id; For documentation on this error, please visit: https://www.selenium.dev/documentation/webdriver/troubleshooting/errors#invalidsessionidexception
Stacktrace:
	GetHandleVerifier [0x0x7ff7918ae955+80021]
	GetHandleVerifier [0x0x7ff7918ae9b0+80112]
	(No symbol) [0x0x7ff791630425]
	(No symbol) [0x0x7ff79167864f]
	(No symbol) [0x0x7ff7916b10f2]
	(No symbol) [0x0x7ff7916ab89f]
	(No symbol) [0x0x7ff7916aa94a]
	(No symbol) [0x0x7ff7915fa765]
	GetHandleVerifier [0x0x7ff791b6dd0d+2960461]
	GetHandleVerifier [0x0x7ff791b67fca+2936586]
	GetHandleVerifier [0x0x7ff791b88a07+3070279]
	GetHandleVerifier [0x0x7ff7918c843e+185214]
	GetHandleVerifier [0x0x7ff7918cfe8f+216527]
	(No symbol) [0x0x7ff7915f970e]
	GetHandleVerifier [0x0x7ff791ca6af8+4241976]
	BaseThreadInitThunk [0x0x7ffe5e07e8d7+23]
	RtlUserThreadStart [0x0x7ffe5ed4c53c+44]

2025-10-12 17:07:00 - LinkedInBot.JobSearch - DEBUG - Error processing job card: Message: invalid session id; For documentation on this error, please visit: https://www.selenium.dev/documentation/webdriver/troubleshooting/errors#invalidsessionidexception
Stacktrace:
	GetHandleVerifier [0x0x7ff7918ae955+80021]
	GetHandleVerifier [0x0x7ff7918ae9b0+80112]
	(No symbol) [0x0x7ff791630425]
	(No symbol) [0x0x7ff79167864f]
	(No symbol) [0x0x7ff7916b10f2]
	(No symbol) [0x0x7ff7916ab89f]
	(No symbol) [0x0x7ff7916aa94a]
	(No symbol) [0x0x7ff7915fa765]
	GetHandleVerifier [0x0x7ff791b6dd0d+2960461]
	GetHandleVerifier [0x0x7ff791b67fca+2936586]
	GetHandleVerifier [0x0x7ff791b88a07+3070279]
	GetHandleVerifier [0x0x7ff7918c843e+185214]
	GetHandleVerifier [0x0x7ff7918cfe8f+216527]
	(No symbol) [0x0x7ff7915f970e]
	GetHandleVerifier [0x0x7ff791ca6af8+4241976]
	BaseThreadInitThunk [0x0x7ffe5e07e8d7+23]
	RtlUserThreadStart [0x0x7ffe5ed4c53c+44]

2025-10-12 17:07:00 - LinkedInBot.JobSearch - ERROR - Error in real-time search: Message: invalid session id; For documentation on this error, please visit: https://www.selenium.dev/documentation/webdriver/troubleshooting/errors#invalidsessionidexception
Stacktrace:
	GetHandleVerifier [0x0x7ff7918ae955+80021]
	GetHandleVerifier [0x0x7ff7918ae9b0+80112]
	(No symbol) [0x0x7ff791630425]
	(No symbol) [0x0x7ff79167864f]
	(No symbol) [0x0x7ff7916b10f2]
	(No symbol) [0x0x7ff7916ab89f]
	(No symbol) [0x0x7ff7916aa94a]
	(No symbol) [0x0x7ff7915fa765]
	GetHandleVerifier [0x0x7ff791b6dd0d+2960461]
	GetHandleVerifier [0x0x7ff791b67fca+2936586]
	GetHandleVerifier [0x0x7ff791b88a07+3070279]
	GetHandleVerifier [0x0x7ff7918c843e+185214]
	GetHandleVerifier [0x0x7ff7918cfe8f+216527]
	(No symbol) [0x0x7ff7915f970e]
	GetHandleVerifier [0x0x7ff791ca6af8+4241976]
	BaseThreadInitThunk [0x0x7ffe5e07e8d7+23]
	RtlUserThreadStart [0x0x7ffe5ed4c53c+44]

2025-10-12 17:07:00 - LinkedInBot - INFO - Processed 4 jobs for 'Software Engineer', applied to 2
2025-10-12 17:07:00 - LinkedInBot - INFO - ================================================================================
2025-10-12 17:07:00 - LinkedInBot - INFO - Automation completed!
2025-10-12 17:07:00 - LinkedInBot - ERROR - Fatal error occurred: name 'job_listings' is not defined
Traceback (most recent call last):
  File "C:\Users\USER\Desktop\Job_Apply\linkedin_job_bot\main.py", line 69, in main
    logger.info(f"Total jobs processed: {len(job_listings)}")
                                             ^^^^^^^^^^^^
NameError: name 'job_listings' is not defined
2025-10-12 17:07:02 - LinkedInBot - INFO - Browser closed successfully
