2025-10-12 17:23:52 - LinkedInBot - INFO - Log file created: logs\linkedin_bot_20251012_172352.log
2025-10-12 17:23:52 - LinkedInBot - INFO - ================================================================================
2025-10-12 17:23:52 - LinkedInBot - INFO - LinkedIn Job Application Bot Started
2025-10-12 17:23:52 - LinkedInBot - INFO - Session started at: 2025-10-12 17:23:52
2025-10-12 17:23:52 - LinkedInBot - INFO - ================================================================================
2025-10-12 17:23:52 - LinkedInBot - INFO - Configuration loaded successfully
2025-10-12 17:23:52 - LinkedInBot.Auth - INFO - Initializing browser...
2025-10-12 17:23:53 - LinkedInBot.Auth - INFO - Navigating to LinkedIn login page...
2025-10-12 17:23:55 - LinkedInBot.Auth - DEBUG - Entering email...
2025-10-12 17:23:55 - LinkedInBot.Auth - DEBUG - Entering password...
2025-10-12 17:23:56 - LinkedInBot.Auth - DEBUG - Clicking sign in button...
2025-10-12 17:24:02 - LinkedInBot.Auth - INFO - Waiting for login to complete...
2025-10-12 17:24:07 - LinkedInBot.Auth - INFO - ✓ Login successful!
2025-10-12 17:24:07 - LinkedInBot - INFO - LinkedIn login successful
2025-10-12 17:24:07 - LinkedInBot - INFO - Searching for: Software Engineer
2025-10-12 17:24:07 - LinkedInBot.JobSearch - DEBUG - Navigating to: https://www.linkedin.com/jobs/search/?keywords=Software%20Engineer&f_AL=true
2025-10-12 17:25:03 - LinkedInBot.JobSearch - INFO - 
[1/20] Processing job...
2025-10-12 17:25:04 - LinkedInBot - INFO - Already applied to: Unknown
2025-10-12 17:25:04 - LinkedInBot.JobSearch - INFO - 
[2/20] Processing job...
2025-10-12 17:25:06 - LinkedInBot - INFO - Already applied to: Unknown
2025-10-12 17:25:06 - LinkedInBot.JobSearch - INFO - 
[3/20] Processing job...
2025-10-12 17:25:07 - LinkedInBot - INFO - Already applied to: Unknown
2025-10-12 17:25:08 - LinkedInBot.JobSearch - INFO - 
[4/20] Processing job...
2025-10-12 17:25:09 - LinkedInBot - INFO - Already applied to: Unknown
2025-10-12 17:25:10 - LinkedInBot.JobSearch - INFO - 
[5/20] Processing job...
2025-10-12 17:25:11 - LinkedInBot - INFO - Already applied to: Unknown
2025-10-12 17:25:11 - LinkedInBot.JobSearch - INFO - 
[6/20] Processing job...
2025-10-12 17:25:13 - LinkedInBot - INFO - Already applied to: Unknown
2025-10-12 17:25:13 - LinkedInBot.JobSearch - INFO - 
[7/20] Processing job...
2025-10-12 17:25:14 - LinkedInBot - INFO - Already applied to: Unknown
2025-10-12 17:25:15 - LinkedInBot.JobSearch - INFO - 
[8/20] Processing job...
2025-10-12 17:25:16 - LinkedInBot - INFO - Already applied to: Unknown
2025-10-12 17:25:17 - LinkedInBot.JobSearch - INFO - 
[9/20] Processing job...
2025-10-12 17:25:18 - LinkedInBot - INFO - Already applied to: Unknown
2025-10-12 17:25:18 - LinkedInBot.JobSearch - INFO - 
[10/20] Processing job...
2025-10-12 17:25:20 - LinkedInBot - INFO - Already applied to: Unknown
2025-10-12 17:25:20 - LinkedInBot.JobSearch - INFO - 
[11/20] Processing job...
2025-10-12 17:25:21 - LinkedInBot - INFO - Already applied to: Unknown
2025-10-12 17:25:22 - LinkedInBot.JobSearch - INFO - 
[12/20] Processing job...
2025-10-12 17:25:23 - LinkedInBot - INFO - Already applied to: Unknown
2025-10-12 17:25:23 - LinkedInBot.JobSearch - INFO - 
[13/20] Processing job...
2025-10-12 17:25:25 - LinkedInBot - INFO - Already applied to: Unknown
2025-10-12 17:25:25 - LinkedInBot.JobSearch - INFO - 
[14/20] Processing job...
2025-10-12 17:25:26 - LinkedInBot - INFO - Already applied to: Unknown
2025-10-12 17:25:27 - LinkedInBot.JobSearch - INFO - 
[15/20] Processing job...
2025-10-12 17:25:28 - LinkedInBot - INFO - Already applied to: Unknown
2025-10-12 17:25:29 - LinkedInBot.JobSearch - INFO - 
[16/20] Processing job...
2025-10-12 17:25:30 - LinkedInBot - INFO - Already applied to: Unknown
2025-10-12 17:25:30 - LinkedInBot.JobSearch - INFO - 
[17/20] Processing job...
2025-10-12 17:25:32 - LinkedInBot - INFO - Already applied to: Unknown
2025-10-12 17:25:32 - LinkedInBot.JobSearch - INFO - 
[18/20] Processing job...
2025-10-12 17:25:33 - LinkedInBot - INFO - Already applied to: Unknown
2025-10-12 17:25:34 - LinkedInBot.JobSearch - INFO - 
[19/20] Processing job...
2025-10-12 17:25:35 - LinkedInBot - INFO - Already applied to: Unknown
2025-10-12 17:25:36 - LinkedInBot.JobSearch - INFO - 
[20/20] Processing job...
2025-10-12 17:25:37 - LinkedInBot - INFO - Already applied to: Unknown
2025-10-12 17:25:37 - LinkedInBot - INFO - Processed 20 jobs for 'Software Engineer', applied to 0
2025-10-12 17:25:37 - LinkedInBot - INFO - ================================================================================
2025-10-12 17:25:37 - LinkedInBot - INFO - Automation completed!
2025-10-12 17:25:37 - LinkedInBot - ERROR - Fatal error occurred: name 'job_listings' is not defined
Traceback (most recent call last):
  File "C:\Users\USER\Desktop\Job_Apply\linkedin_job_bot\main.py", line 69, in main
    logger.info(f"Total jobs processed: {len(job_listings)}")
                                             ^^^^^^^^^^^^
NameError: name 'job_listings' is not defined
2025-10-12 17:25:40 - LinkedInBot - INFO - Browser closed successfully
