2025-10-12 17:19:45 - LinkedInBot - INFO - Log file created: logs\linkedin_bot_20251012_171945.log
2025-10-12 17:19:45 - LinkedInBot - INFO - ================================================================================
2025-10-12 17:19:45 - LinkedInBot - INFO - LinkedIn Job Application Bot Started
2025-10-12 17:19:45 - LinkedInBot - INFO - Session started at: 2025-10-12 17:19:45
2025-10-12 17:19:45 - LinkedInBot - INFO - ================================================================================
2025-10-12 17:19:45 - LinkedInBot - INFO - Configuration loaded successfully
2025-10-12 17:19:45 - LinkedInBot.Auth - INFO - Initializing browser...
2025-10-12 17:19:46 - LinkedInBot.Auth - INFO - Navigating to LinkedIn login page...
2025-10-12 17:19:47 - LinkedInBot.Auth - DEBUG - Entering email...
2025-10-12 17:19:48 - LinkedInBot.Auth - DEBUG - Entering password...
2025-10-12 17:19:49 - LinkedInBot.Auth - DEBUG - Clicking sign in button...
2025-10-12 17:19:54 - LinkedInBot.Auth - INFO - Waiting for login to complete...
2025-10-12 17:19:59 - LinkedInBot.Auth - INFO - ✓ Login successful!
2025-10-12 17:19:59 - LinkedInBot - INFO - LinkedIn login successful
2025-10-12 17:19:59 - LinkedInBot - INFO - Searching for: Software Engineer
2025-10-12 17:19:59 - LinkedInBot.JobSearch - DEBUG - Navigating to: https://www.linkedin.com/jobs/search/?keywords=Software%20Engineer&f_AL=true
2025-10-12 17:20:55 - LinkedInBot.JobSearch - INFO - 
[1/20] Processing job...
2025-10-12 17:20:57 - LinkedInBot - INFO - Already applied to: Unknown
2025-10-12 17:20:57 - LinkedInBot.JobSearch - INFO - 
[2/20] Processing job...
2025-10-12 17:20:58 - LinkedInBot - INFO - Already applied to: Unknown
2025-10-12 17:20:59 - LinkedInBot.JobSearch - INFO - 
[3/20] Processing job...
2025-10-12 17:21:00 - LinkedInBot - INFO - Already applied to: Unknown
2025-10-12 17:21:01 - LinkedInBot.JobSearch - INFO - 
[4/20] Processing job...
2025-10-12 17:21:02 - LinkedInBot - INFO - Already applied to: Unknown
2025-10-12 17:21:02 - LinkedInBot.JobSearch - INFO - 
[5/20] Processing job...
2025-10-12 17:21:03 - LinkedInBot - INFO - Already applied to: Unknown
2025-10-12 17:21:04 - LinkedInBot.JobSearch - INFO - 
[6/20] Processing job...
2025-10-12 17:21:05 - LinkedInBot - INFO - Already applied to: Unknown
2025-10-12 17:21:06 - LinkedInBot.JobSearch - INFO - 
[7/20] Processing job...
2025-10-12 17:21:07 - LinkedInBot - INFO - Already applied to: Unknown
2025-10-12 17:21:07 - LinkedInBot.JobSearch - INFO - 
[8/20] Processing job...
2025-10-12 17:21:09 - LinkedInBot - INFO - Already applied to: Unknown
2025-10-12 17:21:09 - LinkedInBot.JobSearch - INFO - 
[9/20] Processing job...
2025-10-12 17:21:10 - LinkedInBot - INFO - Already applied to: Unknown
2025-10-12 17:21:11 - LinkedInBot.JobSearch - INFO - 
[10/20] Processing job...
2025-10-12 17:21:12 - LinkedInBot - INFO - Already applied to: Unknown
2025-10-12 17:21:13 - LinkedInBot.JobSearch - INFO - 
[11/20] Processing job...
2025-10-12 17:21:14 - LinkedInBot - INFO - Already applied to: Unknown
2025-10-12 17:21:14 - LinkedInBot.JobSearch - INFO - 
[12/20] Processing job...
2025-10-12 17:21:16 - LinkedInBot - ERROR - Browser session lost after clicking job: Message: invalid session id: session deleted as the browser has closed the connection
from disconnected: not connected to DevTools
  (Session info: chrome=141.0.7390.77); For documentation on this error, please visit: https://www.selenium.dev/documentation/webdriver/troubleshooting/errors#invalidsessionidexception
Stacktrace:
	GetHandleVerifier [0x0x7ff7918ae955+80021]
	GetHandleVerifier [0x0x7ff7918ae9b0+80112]
	(No symbol) [0x0x7ff79163060f]
	(No symbol) [0x0x7ff79161c145]
	(No symbol) [0x0x7ff79164177a]
	(No symbol) [0x0x7ff7916b8b06]
	(No symbol) [0x0x7ff7916d8fa2]
	(No symbol) [0x0x7ff7916b1003]
	(No symbol) [0x0x7ff7916795d1]
	(No symbol) [0x0x7ff79167a3f3]
	GetHandleVerifier [0x0x7ff791b6dd0d+2960461]
	GetHandleVerifier [0x0x7ff791b67fca+2936586]
	GetHandleVerifier [0x0x7ff791b88a07+3070279]
	GetHandleVerifier [0x0x7ff7918c843e+185214]
	GetHandleVerifier [0x0x7ff7918cfe8f+216527]
	GetHandleVerifier [0x0x7ff7918b7b94+117460]
	GetHandleVerifier [0x0x7ff7918b7d4f+117903]
	GetHandleVerifier [0x0x7ff79189dc28+11112]
	BaseThreadInitThunk [0x0x7ffe5e07e8d7+23]
	RtlUserThreadStart [0x0x7ffe5ed4c53c+44]

2025-10-12 17:21:16 - LinkedInBot.JobSearch - DEBUG - Error processing job card: Message: invalid session id; For documentation on this error, please visit: https://www.selenium.dev/documentation/webdriver/troubleshooting/errors#invalidsessionidexception
Stacktrace:
	GetHandleVerifier [0x0x7ff7918ae955+80021]
	GetHandleVerifier [0x0x7ff7918ae9b0+80112]
	(No symbol) [0x0x7ff791630425]
	(No symbol) [0x0x7ff79167864f]
	(No symbol) [0x0x7ff7916b10f2]
	(No symbol) [0x0x7ff7916ab89f]
	(No symbol) [0x0x7ff7916aa94a]
	(No symbol) [0x0x7ff7915fa765]
	GetHandleVerifier [0x0x7ff791b6dd0d+2960461]
	GetHandleVerifier [0x0x7ff791b67fca+2936586]
	GetHandleVerifier [0x0x7ff791b88a07+3070279]
	GetHandleVerifier [0x0x7ff7918c843e+185214]
	GetHandleVerifier [0x0x7ff7918cfe8f+216527]
	(No symbol) [0x0x7ff7915f970e]
	GetHandleVerifier [0x0x7ff791ca6af8+4241976]
	BaseThreadInitThunk [0x0x7ffe5e07e8d7+23]
	RtlUserThreadStart [0x0x7ffe5ed4c53c+44]

2025-10-12 17:21:16 - LinkedInBot.JobSearch - DEBUG - Error processing job card: Message: invalid session id; For documentation on this error, please visit: https://www.selenium.dev/documentation/webdriver/troubleshooting/errors#invalidsessionidexception
Stacktrace:
	GetHandleVerifier [0x0x7ff7918ae955+80021]
	GetHandleVerifier [0x0x7ff7918ae9b0+80112]
	(No symbol) [0x0x7ff791630425]
	(No symbol) [0x0x7ff79167864f]
	(No symbol) [0x0x7ff7916b10f2]
	(No symbol) [0x0x7ff7916ab89f]
	(No symbol) [0x0x7ff7916aa94a]
	(No symbol) [0x0x7ff7915fa765]
	GetHandleVerifier [0x0x7ff791b6dd0d+2960461]
	GetHandleVerifier [0x0x7ff791b67fca+2936586]
	GetHandleVerifier [0x0x7ff791b88a07+3070279]
	GetHandleVerifier [0x0x7ff7918c843e+185214]
	GetHandleVerifier [0x0x7ff7918cfe8f+216527]
	(No symbol) [0x0x7ff7915f970e]
	GetHandleVerifier [0x0x7ff791ca6af8+4241976]
	BaseThreadInitThunk [0x0x7ffe5e07e8d7+23]
	RtlUserThreadStart [0x0x7ffe5ed4c53c+44]

2025-10-12 17:21:16 - LinkedInBot.JobSearch - DEBUG - Error processing job card: Message: invalid session id; For documentation on this error, please visit: https://www.selenium.dev/documentation/webdriver/troubleshooting/errors#invalidsessionidexception
Stacktrace:
	GetHandleVerifier [0x0x7ff7918ae955+80021]
	GetHandleVerifier [0x0x7ff7918ae9b0+80112]
	(No symbol) [0x0x7ff791630425]
	(No symbol) [0x0x7ff79167864f]
	(No symbol) [0x0x7ff7916b10f2]
	(No symbol) [0x0x7ff7916ab89f]
	(No symbol) [0x0x7ff7916aa94a]
	(No symbol) [0x0x7ff7915fa765]
	GetHandleVerifier [0x0x7ff791b6dd0d+2960461]
	GetHandleVerifier [0x0x7ff791b67fca+2936586]
	GetHandleVerifier [0x0x7ff791b88a07+3070279]
	GetHandleVerifier [0x0x7ff7918c843e+185214]
	GetHandleVerifier [0x0x7ff7918cfe8f+216527]
	(No symbol) [0x0x7ff7915f970e]
	GetHandleVerifier [0x0x7ff791ca6af8+4241976]
	BaseThreadInitThunk [0x0x7ffe5e07e8d7+23]
	RtlUserThreadStart [0x0x7ffe5ed4c53c+44]

2025-10-12 17:21:16 - LinkedInBot.JobSearch - DEBUG - Error processing job card: Message: invalid session id; For documentation on this error, please visit: https://www.selenium.dev/documentation/webdriver/troubleshooting/errors#invalidsessionidexception
Stacktrace:
	GetHandleVerifier [0x0x7ff7918ae955+80021]
	GetHandleVerifier [0x0x7ff7918ae9b0+80112]
	(No symbol) [0x0x7ff791630425]
	(No symbol) [0x0x7ff79167864f]
	(No symbol) [0x0x7ff7916b10f2]
	(No symbol) [0x0x7ff7916ab89f]
	(No symbol) [0x0x7ff7916aa94a]
	(No symbol) [0x0x7ff7915fa765]
	GetHandleVerifier [0x0x7ff791b6dd0d+2960461]
	GetHandleVerifier [0x0x7ff791b67fca+2936586]
	GetHandleVerifier [0x0x7ff791b88a07+3070279]
	GetHandleVerifier [0x0x7ff7918c843e+185214]
	GetHandleVerifier [0x0x7ff7918cfe8f+216527]
	(No symbol) [0x0x7ff7915f970e]
	GetHandleVerifier [0x0x7ff791ca6af8+4241976]
	BaseThreadInitThunk [0x0x7ffe5e07e8d7+23]
	RtlUserThreadStart [0x0x7ffe5ed4c53c+44]

2025-10-12 17:21:16 - LinkedInBot.JobSearch - DEBUG - Error processing job card: Message: invalid session id; For documentation on this error, please visit: https://www.selenium.dev/documentation/webdriver/troubleshooting/errors#invalidsessionidexception
Stacktrace:
	GetHandleVerifier [0x0x7ff7918ae955+80021]
	GetHandleVerifier [0x0x7ff7918ae9b0+80112]
	(No symbol) [0x0x7ff791630425]
	(No symbol) [0x0x7ff79167864f]
	(No symbol) [0x0x7ff7916b10f2]
	(No symbol) [0x0x7ff7916ab89f]
	(No symbol) [0x0x7ff7916aa94a]
	(No symbol) [0x0x7ff7915fa765]
	GetHandleVerifier [0x0x7ff791b6dd0d+2960461]
	GetHandleVerifier [0x0x7ff791b67fca+2936586]
	GetHandleVerifier [0x0x7ff791b88a07+3070279]
	GetHandleVerifier [0x0x7ff7918c843e+185214]
	GetHandleVerifier [0x0x7ff7918cfe8f+216527]
	(No symbol) [0x0x7ff7915f970e]
	GetHandleVerifier [0x0x7ff791ca6af8+4241976]
	BaseThreadInitThunk [0x0x7ffe5e07e8d7+23]
	RtlUserThreadStart [0x0x7ffe5ed4c53c+44]

2025-10-12 17:21:16 - LinkedInBot.JobSearch - DEBUG - Error processing job card: Message: invalid session id; For documentation on this error, please visit: https://www.selenium.dev/documentation/webdriver/troubleshooting/errors#invalidsessionidexception
Stacktrace:
	GetHandleVerifier [0x0x7ff7918ae955+80021]
	GetHandleVerifier [0x0x7ff7918ae9b0+80112]
	(No symbol) [0x0x7ff791630425]
	(No symbol) [0x0x7ff79167864f]
	(No symbol) [0x0x7ff7916b10f2]
	(No symbol) [0x0x7ff7916ab89f]
	(No symbol) [0x0x7ff7916aa94a]
	(No symbol) [0x0x7ff7915fa765]
	GetHandleVerifier [0x0x7ff791b6dd0d+2960461]
	GetHandleVerifier [0x0x7ff791b67fca+2936586]
	GetHandleVerifier [0x0x7ff791b88a07+3070279]
	GetHandleVerifier [0x0x7ff7918c843e+185214]
	GetHandleVerifier [0x0x7ff7918cfe8f+216527]
	(No symbol) [0x0x7ff7915f970e]
	GetHandleVerifier [0x0x7ff791ca6af8+4241976]
	BaseThreadInitThunk [0x0x7ffe5e07e8d7+23]
	RtlUserThreadStart [0x0x7ffe5ed4c53c+44]

2025-10-12 17:21:16 - LinkedInBot.JobSearch - DEBUG - Error processing job card: Message: invalid session id; For documentation on this error, please visit: https://www.selenium.dev/documentation/webdriver/troubleshooting/errors#invalidsessionidexception
Stacktrace:
	GetHandleVerifier [0x0x7ff7918ae955+80021]
	GetHandleVerifier [0x0x7ff7918ae9b0+80112]
	(No symbol) [0x0x7ff791630425]
	(No symbol) [0x0x7ff79167864f]
	(No symbol) [0x0x7ff7916b10f2]
	(No symbol) [0x0x7ff7916ab89f]
	(No symbol) [0x0x7ff7916aa94a]
	(No symbol) [0x0x7ff7915fa765]
	GetHandleVerifier [0x0x7ff791b6dd0d+2960461]
	GetHandleVerifier [0x0x7ff791b67fca+2936586]
	GetHandleVerifier [0x0x7ff791b88a07+3070279]
	GetHandleVerifier [0x0x7ff7918c843e+185214]
	GetHandleVerifier [0x0x7ff7918cfe8f+216527]
	(No symbol) [0x0x7ff7915f970e]
	GetHandleVerifier [0x0x7ff791ca6af8+4241976]
	BaseThreadInitThunk [0x0x7ffe5e07e8d7+23]
	RtlUserThreadStart [0x0x7ffe5ed4c53c+44]

2025-10-12 17:21:16 - LinkedInBot.JobSearch - DEBUG - Error processing job card: Message: invalid session id; For documentation on this error, please visit: https://www.selenium.dev/documentation/webdriver/troubleshooting/errors#invalidsessionidexception
Stacktrace:
	GetHandleVerifier [0x0x7ff7918ae955+80021]
	GetHandleVerifier [0x0x7ff7918ae9b0+80112]
	(No symbol) [0x0x7ff791630425]
	(No symbol) [0x0x7ff79167864f]
	(No symbol) [0x0x7ff7916b10f2]
	(No symbol) [0x0x7ff7916ab89f]
	(No symbol) [0x0x7ff7916aa94a]
	(No symbol) [0x0x7ff7915fa765]
	GetHandleVerifier [0x0x7ff791b6dd0d+2960461]
	GetHandleVerifier [0x0x7ff791b67fca+2936586]
	GetHandleVerifier [0x0x7ff791b88a07+3070279]
	GetHandleVerifier [0x0x7ff7918c843e+185214]
	GetHandleVerifier [0x0x7ff7918cfe8f+216527]
	(No symbol) [0x0x7ff7915f970e]
	GetHandleVerifier [0x0x7ff791ca6af8+4241976]
	BaseThreadInitThunk [0x0x7ffe5e07e8d7+23]
	RtlUserThreadStart [0x0x7ffe5ed4c53c+44]

2025-10-12 17:21:16 - LinkedInBot.JobSearch - DEBUG - Error processing job card: Message: invalid session id; For documentation on this error, please visit: https://www.selenium.dev/documentation/webdriver/troubleshooting/errors#invalidsessionidexception
Stacktrace:
	GetHandleVerifier [0x0x7ff7918ae955+80021]
	GetHandleVerifier [0x0x7ff7918ae9b0+80112]
	(No symbol) [0x0x7ff791630425]
	(No symbol) [0x0x7ff79167864f]
	(No symbol) [0x0x7ff7916b10f2]
	(No symbol) [0x0x7ff7916ab89f]
	(No symbol) [0x0x7ff7916aa94a]
	(No symbol) [0x0x7ff7915fa765]
	GetHandleVerifier [0x0x7ff791b6dd0d+2960461]
	GetHandleVerifier [0x0x7ff791b67fca+2936586]
	GetHandleVerifier [0x0x7ff791b88a07+3070279]
	GetHandleVerifier [0x0x7ff7918c843e+185214]
	GetHandleVerifier [0x0x7ff7918cfe8f+216527]
	(No symbol) [0x0x7ff7915f970e]
	GetHandleVerifier [0x0x7ff791ca6af8+4241976]
	BaseThreadInitThunk [0x0x7ffe5e07e8d7+23]
	RtlUserThreadStart [0x0x7ffe5ed4c53c+44]

2025-10-12 17:21:16 - LinkedInBot.JobSearch - DEBUG - Error processing job card: Message: invalid session id; For documentation on this error, please visit: https://www.selenium.dev/documentation/webdriver/troubleshooting/errors#invalidsessionidexception
Stacktrace:
	GetHandleVerifier [0x0x7ff7918ae955+80021]
	GetHandleVerifier [0x0x7ff7918ae9b0+80112]
	(No symbol) [0x0x7ff791630425]
	(No symbol) [0x0x7ff79167864f]
	(No symbol) [0x0x7ff7916b10f2]
	(No symbol) [0x0x7ff7916ab89f]
	(No symbol) [0x0x7ff7916aa94a]
	(No symbol) [0x0x7ff7915fa765]
	GetHandleVerifier [0x0x7ff791b6dd0d+2960461]
	GetHandleVerifier [0x0x7ff791b67fca+2936586]
	GetHandleVerifier [0x0x7ff791b88a07+3070279]
	GetHandleVerifier [0x0x7ff7918c843e+185214]
	GetHandleVerifier [0x0x7ff7918cfe8f+216527]
	(No symbol) [0x0x7ff7915f970e]
	GetHandleVerifier [0x0x7ff791ca6af8+4241976]
	BaseThreadInitThunk [0x0x7ffe5e07e8d7+23]
	RtlUserThreadStart [0x0x7ffe5ed4c53c+44]

2025-10-12 17:21:16 - LinkedInBot.JobSearch - DEBUG - Error processing job card: Message: invalid session id; For documentation on this error, please visit: https://www.selenium.dev/documentation/webdriver/troubleshooting/errors#invalidsessionidexception
Stacktrace:
	GetHandleVerifier [0x0x7ff7918ae955+80021]
	GetHandleVerifier [0x0x7ff7918ae9b0+80112]
	(No symbol) [0x0x7ff791630425]
	(No symbol) [0x0x7ff79167864f]
	(No symbol) [0x0x7ff7916b10f2]
	(No symbol) [0x0x7ff7916ab89f]
	(No symbol) [0x0x7ff7916aa94a]
	(No symbol) [0x0x7ff7915fa765]
	GetHandleVerifier [0x0x7ff791b6dd0d+2960461]
	GetHandleVerifier [0x0x7ff791b67fca+2936586]
	GetHandleVerifier [0x0x7ff791b88a07+3070279]
	GetHandleVerifier [0x0x7ff7918c843e+185214]
	GetHandleVerifier [0x0x7ff7918cfe8f+216527]
	(No symbol) [0x0x7ff7915f970e]
	GetHandleVerifier [0x0x7ff791ca6af8+4241976]
	BaseThreadInitThunk [0x0x7ffe5e07e8d7+23]
	RtlUserThreadStart [0x0x7ffe5ed4c53c+44]

2025-10-12 17:21:16 - LinkedInBot.JobSearch - DEBUG - Error processing job card: Message: invalid session id; For documentation on this error, please visit: https://www.selenium.dev/documentation/webdriver/troubleshooting/errors#invalidsessionidexception
Stacktrace:
	GetHandleVerifier [0x0x7ff7918ae955+80021]
	GetHandleVerifier [0x0x7ff7918ae9b0+80112]
	(No symbol) [0x0x7ff791630425]
	(No symbol) [0x0x7ff79167864f]
	(No symbol) [0x0x7ff7916b10f2]
	(No symbol) [0x0x7ff7916ab89f]
	(No symbol) [0x0x7ff7916aa94a]
	(No symbol) [0x0x7ff7915fa765]
	GetHandleVerifier [0x0x7ff791b6dd0d+2960461]
	GetHandleVerifier [0x0x7ff791b67fca+2936586]
	GetHandleVerifier [0x0x7ff791b88a07+3070279]
	GetHandleVerifier [0x0x7ff7918c843e+185214]
	GetHandleVerifier [0x0x7ff7918cfe8f+216527]
	(No symbol) [0x0x7ff7915f970e]
	GetHandleVerifier [0x0x7ff791ca6af8+4241976]
	BaseThreadInitThunk [0x0x7ffe5e07e8d7+23]
	RtlUserThreadStart [0x0x7ffe5ed4c53c+44]

2025-10-12 17:21:16 - LinkedInBot.JobSearch - DEBUG - Error processing job card: Message: invalid session id; For documentation on this error, please visit: https://www.selenium.dev/documentation/webdriver/troubleshooting/errors#invalidsessionidexception
Stacktrace:
	GetHandleVerifier [0x0x7ff7918ae955+80021]
	GetHandleVerifier [0x0x7ff7918ae9b0+80112]
	(No symbol) [0x0x7ff791630425]
	(No symbol) [0x0x7ff79167864f]
	(No symbol) [0x0x7ff7916b10f2]
	(No symbol) [0x0x7ff7916ab89f]
	(No symbol) [0x0x7ff7916aa94a]
	(No symbol) [0x0x7ff7915fa765]
	GetHandleVerifier [0x0x7ff791b6dd0d+2960461]
	GetHandleVerifier [0x0x7ff791b67fca+2936586]
	GetHandleVerifier [0x0x7ff791b88a07+3070279]
	GetHandleVerifier [0x0x7ff7918c843e+185214]
	GetHandleVerifier [0x0x7ff7918cfe8f+216527]
	(No symbol) [0x0x7ff7915f970e]
	GetHandleVerifier [0x0x7ff791ca6af8+4241976]
	BaseThreadInitThunk [0x0x7ffe5e07e8d7+23]
	RtlUserThreadStart [0x0x7ffe5ed4c53c+44]

2025-10-12 17:21:16 - LinkedInBot.JobSearch - ERROR - Error in real-time search: Message: invalid session id; For documentation on this error, please visit: https://www.selenium.dev/documentation/webdriver/troubleshooting/errors#invalidsessionidexception
Stacktrace:
	GetHandleVerifier [0x0x7ff7918ae955+80021]
	GetHandleVerifier [0x0x7ff7918ae9b0+80112]
	(No symbol) [0x0x7ff791630425]
	(No symbol) [0x0x7ff79167864f]
	(No symbol) [0x0x7ff7916b10f2]
	(No symbol) [0x0x7ff7916ab89f]
	(No symbol) [0x0x7ff7916aa94a]
	(No symbol) [0x0x7ff7915fa765]
	GetHandleVerifier [0x0x7ff791b6dd0d+2960461]
	GetHandleVerifier [0x0x7ff791b67fca+2936586]
	GetHandleVerifier [0x0x7ff791b88a07+3070279]
	GetHandleVerifier [0x0x7ff7918c843e+185214]
	GetHandleVerifier [0x0x7ff7918cfe8f+216527]
	(No symbol) [0x0x7ff7915f970e]
	GetHandleVerifier [0x0x7ff791ca6af8+4241976]
	BaseThreadInitThunk [0x0x7ffe5e07e8d7+23]
	RtlUserThreadStart [0x0x7ffe5ed4c53c+44]

2025-10-12 17:21:16 - LinkedInBot - INFO - Processed 12 jobs for 'Software Engineer', applied to 0
2025-10-12 17:21:16 - LinkedInBot - INFO - Searching for: Python Developer
2025-10-12 17:21:16 - LinkedInBot.JobSearch - DEBUG - Navigating to: https://www.linkedin.com/jobs/search/?keywords=Python%20Developer&f_AL=true
2025-10-12 17:21:16 - LinkedInBot.JobSearch - ERROR - Error in real-time search: Message: invalid session id; For documentation on this error, please visit: https://www.selenium.dev/documentation/webdriver/troubleshooting/errors#invalidsessionidexception
Stacktrace:
	GetHandleVerifier [0x0x7ff7918ae955+80021]
	GetHandleVerifier [0x0x7ff7918ae9b0+80112]
	(No symbol) [0x0x7ff791630425]
	(No symbol) [0x0x7ff79167864f]
	(No symbol) [0x0x7ff7916b10f2]
	(No symbol) [0x0x7ff7916ab89f]
	(No symbol) [0x0x7ff7916aa94a]
	(No symbol) [0x0x7ff7915fa765]
	GetHandleVerifier [0x0x7ff791b6dd0d+2960461]
	GetHandleVerifier [0x0x7ff791b67fca+2936586]
	GetHandleVerifier [0x0x7ff791b88a07+3070279]
	GetHandleVerifier [0x0x7ff7918c843e+185214]
	GetHandleVerifier [0x0x7ff7918cfe8f+216527]
	(No symbol) [0x0x7ff7915f970e]
	GetHandleVerifier [0x0x7ff791ca6af8+4241976]
	BaseThreadInitThunk [0x0x7ffe5e07e8d7+23]
	RtlUserThreadStart [0x0x7ffe5ed4c53c+44]

2025-10-12 17:21:16 - LinkedInBot - INFO - Processed 0 jobs for 'Python Developer', applied to 0
2025-10-12 17:21:16 - LinkedInBot - INFO - ================================================================================
2025-10-12 17:21:16 - LinkedInBot - INFO - Automation completed!
2025-10-12 17:21:16 - LinkedInBot - ERROR - Fatal error occurred: name 'job_listings' is not defined
Traceback (most recent call last):
  File "C:\Users\USER\Desktop\Job_Apply\linkedin_job_bot\main.py", line 69, in main
    logger.info(f"Total jobs processed: {len(job_listings)}")
                                             ^^^^^^^^^^^^
NameError: name 'job_listings' is not defined
2025-10-12 17:21:18 - LinkedInBot - INFO - Browser closed successfully
