2025-10-14 16:53:01 - LinkedInBot - INFO - Log file created: logs\linkedin_bot_20251014_165301.log
2025-10-14 16:53:01 - LinkedInBot - INFO - ================================================================================
2025-10-14 16:53:01 - LinkedInBot - INFO - LinkedIn Job Application Bot Started
2025-10-14 16:53:01 - LinkedInBot - INFO - Session started at: 2025-10-14 16:53:01
2025-10-14 16:53:01 - LinkedInBot - INFO - ================================================================================
2025-10-14 16:53:01 - LinkedInBot - INFO - Configuration loaded successfully
2025-10-14 16:53:01 - LinkedInBot.Auth - INFO - Initializing browser...
2025-10-14 16:53:04 - LinkedInBot.Auth - INFO - Navigating to LinkedIn login page...
2025-10-14 16:53:05 - LinkedInBot.Auth - DEBUG - Entering email...
2025-10-14 16:53:06 - LinkedInBot.Auth - DEBUG - Entering password...
2025-10-14 16:53:07 - LinkedInBot.Auth - DEBUG - Clicking sign in button...
2025-10-14 16:53:13 - LinkedInBot.Auth - INFO - Waiting for login to complete...
2025-10-14 16:53:18 - LinkedInBot.Auth - INFO - ✓ Login successful!
2025-10-14 16:53:18 - LinkedInBot - INFO - LinkedIn login successful
2025-10-14 16:53:18 - LinkedInBot - INFO - Searching for: Software Engineer
2025-10-14 16:53:18 - LinkedInBot.JobSearch - DEBUG - Navigating to: https://www.linkedin.com/jobs/search/?keywords=Software%20Engineer&location=Bengaluru&f_AL=true
2025-10-14 16:54:22 - LinkedInBot.JobSearch - INFO - 
[1/20] Processing job...
2025-10-14 16:54:27 - LinkedInBot - INFO - Job: Unknown at Unknown
2025-10-14 16:54:29 - LinkedInBot - INFO - Clicked Easy Apply button
2025-10-14 16:54:32 - LinkedInBot - DEBUG - Processing form step 1...
2025-10-14 16:54:33 - LinkedInBot - DEBUG - Filled 'mobile phone number' with '7277889991'
2025-10-14 16:54:37 - LinkedInBot - DEBUG - Clicked Continue button
2025-10-14 16:54:37 - LinkedInBot - DEBUG - Moved to next step
2025-10-14 16:54:37 - LinkedInBot - DEBUG - Processing form step 2...
2025-10-14 16:54:39 - LinkedInBot - DEBUG - Uploaded resume
2025-10-14 16:54:43 - LinkedInBot - DEBUG - Clicked Continue button
2025-10-14 16:54:43 - LinkedInBot - DEBUG - Moved to next step
2025-10-14 16:54:43 - LinkedInBot - DEBUG - Processing form step 3...
2025-10-14 16:54:47 - LinkedInBot - DEBUG - Clicked Review button
2025-10-14 16:54:47 - LinkedInBot - DEBUG - Reviewing application
2025-10-14 16:54:47 - LinkedInBot - DEBUG - Processing form step 4...
2025-10-14 16:54:50 - LinkedInBot - WARNING - Form has validation errors
2025-10-14 16:54:51 - LinkedInBot - DEBUG - Clicked Review button
2025-10-14 16:54:51 - LinkedInBot - DEBUG - Reviewing application
2025-10-14 16:54:51 - LinkedInBot - DEBUG - Processing form step 5...
2025-10-14 16:54:54 - LinkedInBot - DEBUG - Clicked Review button
2025-10-14 16:54:54 - LinkedInBot - DEBUG - Reviewing application
2025-10-14 16:54:54 - LinkedInBot - DEBUG - Processing form step 6...
2025-10-14 16:54:57 - LinkedInBot - DEBUG - Clicked Submit button
2025-10-14 16:54:57 - LinkedInBot - INFO - ✓ Application submitted successfully!
2025-10-14 16:55:01 - LinkedInBot - DEBUG - Closed success modal
2025-10-14 16:55:01 - LinkedInBot.JobSearch - INFO - ✓ Applied! Total: 1
2025-10-14 16:55:02 - LinkedInBot.JobSearch - INFO - 
[2/20] Processing job...
2025-10-14 16:55:05 - LinkedInBot - INFO - Job: Unknown at Unknown
2025-10-14 16:55:06 - LinkedInBot - INFO - Clicked Easy Apply button
2025-10-14 16:55:09 - LinkedInBot - DEBUG - Processing form step 1...
2025-10-14 16:55:12 - LinkedInBot - DEBUG - Clicked Continue button
2025-10-14 16:55:12 - LinkedInBot - DEBUG - Moved to next step
2025-10-14 16:55:12 - LinkedInBot - DEBUG - Processing form step 2...
2025-10-14 16:55:14 - LinkedInBot - DEBUG - Uploaded resume
2025-10-14 16:55:17 - LinkedInBot - DEBUG - Clicked Continue button
2025-10-14 16:55:17 - LinkedInBot - DEBUG - Moved to next step
2025-10-14 16:55:17 - LinkedInBot - DEBUG - Processing form step 3...
2025-10-14 16:55:18 - LinkedInBot - DEBUG - Filled 'how many years of work experience do you have with api development?' with '1'
2025-10-14 16:55:18 - LinkedInBot - DEBUG - Filled 'how many years of engineering experience do you currently have?' with '1'
2025-10-14 16:55:20 - LinkedInBot - DEBUG - Clicked Continue button
2025-10-14 16:55:20 - LinkedInBot - DEBUG - Moved to next step
2025-10-14 16:55:20 - LinkedInBot - DEBUG - Processing form step 4...
2025-10-14 16:55:23 - LinkedInBot - DEBUG - Error with radio group: Message: element click intercepted: Element <input data-test-text-selectable-option__input="Yes" id="urn:li:fsd_formElement:urn:li:jobs_applyformcommon_easyApplyFormElement:(4311214975,23771403036,multipleChoice)-0" class="fb-form-element__checkbox" name="urn:li:fsd_formElement:urn:li:jobs_applyformcommon_easyApplyFormElement:(4311214975,23771403036,multipleChoice)" aria-required="true" type="radio" value="Yes"> is not clickable at point (298, 179). Other element would receive the click: <label data-test-text-selectable-option__label="Yes" for="urn:li:fsd_formElement:urn:li:jobs_applyformcommon_easyApplyFormElement:(4311214975,23771403036,multipleChoice)-0" class="t-14">...</label>
  (Session info: chrome=141.0.7390.77); For documentation on this error, please visit: https://www.selenium.dev/documentation/webdriver/troubleshooting/errors#elementclickinterceptedexception
Stacktrace:
	GetHandleVerifier [0x0x7ff752e0e955+80021]
	GetHandleVerifier [0x0x7ff752e0e9b0+80112]
	(No symbol) [0x0x7ff752b9060f]
	(No symbol) [0x0x7ff752bf0a39]
	(No symbol) [0x0x7ff752bee3be]
	(No symbol) [0x0x7ff752beb2e1]
	(No symbol) [0x0x7ff752bea1a0]
	(No symbol) [0x0x7ff752bdb7c8]
	(No symbol) [0x0x7ff752c1122a]
	(No symbol) [0x0x7ff752bdb056]
	(No symbol) [0x0x7ff752c11440]
	(No symbol) [0x0x7ff752c3968a]
	(No symbol) [0x0x7ff752c11003]
	(No symbol) [0x0x7ff752bd95d1]
	(No symbol) [0x0x7ff752bda3f3]
	GetHandleVerifier [0x0x7ff7530cdd0d+2960461]
	GetHandleVerifier [0x0x7ff7530c7fca+2936586]
	GetHandleVerifier [0x0x7ff7530e8a07+3070279]
	GetHandleVerifier [0x0x7ff752e2843e+185214]
	GetHandleVerifier [0x0x7ff752e2fe8f+216527]
	GetHandleVerifier [0x0x7ff752e17b94+117460]
	GetHandleVerifier [0x0x7ff752e17d4f+117903]
	GetHandleVerifier [0x0x7ff752dfdc28+11112]
	BaseThreadInitThunk [0x0x7ffe5e07e8d7+23]
	RtlUserThreadStart [0x0x7ffe5ed4c53c+44]

2025-10-14 16:55:24 - LinkedInBot - DEBUG - Clicked Review button
2025-10-14 16:55:24 - LinkedInBot - DEBUG - Reviewing application
2025-10-14 16:55:24 - LinkedInBot - DEBUG - Processing form step 5...
2025-10-14 16:55:27 - LinkedInBot - DEBUG - Clicked Submit button
2025-10-14 16:55:27 - LinkedInBot - INFO - ✓ Application submitted successfully!
2025-10-14 16:55:32 - LinkedInBot - DEBUG - Closed success modal
2025-10-14 16:55:32 - LinkedInBot.JobSearch - INFO - ✓ Applied! Total: 2
2025-10-14 16:55:32 - LinkedInBot.JobSearch - INFO - 
[3/20] Processing job...
2025-10-14 16:55:36 - LinkedInBot - INFO - Job: Unknown at Unknown
2025-10-14 16:55:37 - LinkedInBot - INFO - Clicked Easy Apply button
2025-10-14 16:55:40 - LinkedInBot - DEBUG - Processing form step 1...
2025-10-14 16:55:43 - LinkedInBot - DEBUG - Clicked Continue button
2025-10-14 16:55:43 - LinkedInBot - DEBUG - Moved to next step
2025-10-14 16:55:43 - LinkedInBot - DEBUG - Processing form step 2...
2025-10-14 16:55:44 - LinkedInBot - DEBUG - Uploaded resume
2025-10-14 16:55:48 - LinkedInBot - DEBUG - Clicked Continue button
2025-10-14 16:55:48 - LinkedInBot - DEBUG - Moved to next step
2025-10-14 16:55:48 - LinkedInBot - DEBUG - Processing form step 3...
2025-10-14 16:55:49 - LinkedInBot - DEBUG - Filled 'what’s your current salary? (in lakhs per annum)' with '800000'
2025-10-14 16:55:49 - LinkedInBot - DEBUG - Filled 'how many days is your notice period?' with 'Immediate'
2025-10-14 16:55:50 - LinkedInBot - WARNING - Form has validation errors
2025-10-14 16:55:51 - LinkedInBot - DEBUG - Clicked Review button
2025-10-14 16:55:51 - LinkedInBot - DEBUG - Reviewing application
2025-10-14 16:55:51 - LinkedInBot - DEBUG - Processing form step 4...
2025-10-14 16:55:53 - LinkedInBot - WARNING - Form has validation errors
2025-10-14 16:55:53 - LinkedInBot - DEBUG - Clicked Review button
2025-10-14 16:55:53 - LinkedInBot - DEBUG - Reviewing application
2025-10-14 16:55:53 - LinkedInBot - DEBUG - Processing form step 5...
2025-10-14 16:55:55 - LinkedInBot - WARNING - Form has validation errors
2025-10-14 16:55:56 - LinkedInBot - DEBUG - Clicked Review button
2025-10-14 16:55:56 - LinkedInBot - DEBUG - Reviewing application
2025-10-14 16:55:56 - LinkedInBot - DEBUG - Processing form step 6...
2025-10-14 16:55:59 - LinkedInBot - DEBUG - Clicked Submit button
2025-10-14 16:55:59 - LinkedInBot - INFO - ✓ Application submitted successfully!
2025-10-14 16:56:03 - LinkedInBot.JobSearch - INFO - ✓ Applied! Total: 3
2025-10-14 16:56:03 - LinkedInBot.JobSearch - DEBUG - Error processing job card: Message: invalid session id; For documentation on this error, please visit: https://www.selenium.dev/documentation/webdriver/troubleshooting/errors#invalidsessionidexception
Stacktrace:
	GetHandleVerifier [0x0x7ff752e0e955+80021]
	GetHandleVerifier [0x0x7ff752e0e9b0+80112]
	(No symbol) [0x0x7ff752b90425]
	(No symbol) [0x0x7ff752bd864f]
	(No symbol) [0x0x7ff752c110f2]
	(No symbol) [0x0x7ff752c0b89f]
	(No symbol) [0x0x7ff752c0a94a]
	(No symbol) [0x0x7ff752b5a765]
	GetHandleVerifier [0x0x7ff7530cdd0d+2960461]
	GetHandleVerifier [0x0x7ff7530c7fca+2936586]
	GetHandleVerifier [0x0x7ff7530e8a07+3070279]
	GetHandleVerifier [0x0x7ff752e2843e+185214]
	GetHandleVerifier [0x0x7ff752e2fe8f+216527]
	(No symbol) [0x0x7ff752b5970e]
	GetHandleVerifier [0x0x7ff753206af8+4241976]
	BaseThreadInitThunk [0x0x7ffe5e07e8d7+23]
	RtlUserThreadStart [0x0x7ffe5ed4c53c+44]

2025-10-14 16:56:03 - LinkedInBot.JobSearch - DEBUG - Error processing job card: Message: invalid session id; For documentation on this error, please visit: https://www.selenium.dev/documentation/webdriver/troubleshooting/errors#invalidsessionidexception
Stacktrace:
	GetHandleVerifier [0x0x7ff752e0e955+80021]
	GetHandleVerifier [0x0x7ff752e0e9b0+80112]
	(No symbol) [0x0x7ff752b90425]
	(No symbol) [0x0x7ff752bd864f]
	(No symbol) [0x0x7ff752c110f2]
	(No symbol) [0x0x7ff752c0b89f]
	(No symbol) [0x0x7ff752c0a94a]
	(No symbol) [0x0x7ff752b5a765]
	GetHandleVerifier [0x0x7ff7530cdd0d+2960461]
	GetHandleVerifier [0x0x7ff7530c7fca+2936586]
	GetHandleVerifier [0x0x7ff7530e8a07+3070279]
	GetHandleVerifier [0x0x7ff752e2843e+185214]
	GetHandleVerifier [0x0x7ff752e2fe8f+216527]
	(No symbol) [0x0x7ff752b5970e]
	GetHandleVerifier [0x0x7ff753206af8+4241976]
	BaseThreadInitThunk [0x0x7ffe5e07e8d7+23]
	RtlUserThreadStart [0x0x7ffe5ed4c53c+44]

2025-10-14 16:56:03 - LinkedInBot.JobSearch - DEBUG - Error processing job card: Message: invalid session id; For documentation on this error, please visit: https://www.selenium.dev/documentation/webdriver/troubleshooting/errors#invalidsessionidexception
Stacktrace:
	GetHandleVerifier [0x0x7ff752e0e955+80021]
	GetHandleVerifier [0x0x7ff752e0e9b0+80112]
	(No symbol) [0x0x7ff752b90425]
	(No symbol) [0x0x7ff752bd864f]
	(No symbol) [0x0x7ff752c110f2]
	(No symbol) [0x0x7ff752c0b89f]
	(No symbol) [0x0x7ff752c0a94a]
	(No symbol) [0x0x7ff752b5a765]
	GetHandleVerifier [0x0x7ff7530cdd0d+2960461]
	GetHandleVerifier [0x0x7ff7530c7fca+2936586]
	GetHandleVerifier [0x0x7ff7530e8a07+3070279]
	GetHandleVerifier [0x0x7ff752e2843e+185214]
	GetHandleVerifier [0x0x7ff752e2fe8f+216527]
	(No symbol) [0x0x7ff752b5970e]
	GetHandleVerifier [0x0x7ff753206af8+4241976]
	BaseThreadInitThunk [0x0x7ffe5e07e8d7+23]
	RtlUserThreadStart [0x0x7ffe5ed4c53c+44]

2025-10-14 16:56:03 - LinkedInBot.JobSearch - DEBUG - Error processing job card: Message: invalid session id; For documentation on this error, please visit: https://www.selenium.dev/documentation/webdriver/troubleshooting/errors#invalidsessionidexception
Stacktrace:
	GetHandleVerifier [0x0x7ff752e0e955+80021]
	GetHandleVerifier [0x0x7ff752e0e9b0+80112]
	(No symbol) [0x0x7ff752b90425]
	(No symbol) [0x0x7ff752bd864f]
	(No symbol) [0x0x7ff752c110f2]
	(No symbol) [0x0x7ff752c0b89f]
	(No symbol) [0x0x7ff752c0a94a]
	(No symbol) [0x0x7ff752b5a765]
	GetHandleVerifier [0x0x7ff7530cdd0d+2960461]
	GetHandleVerifier [0x0x7ff7530c7fca+2936586]
	GetHandleVerifier [0x0x7ff7530e8a07+3070279]
	GetHandleVerifier [0x0x7ff752e2843e+185214]
	GetHandleVerifier [0x0x7ff752e2fe8f+216527]
	(No symbol) [0x0x7ff752b5970e]
	GetHandleVerifier [0x0x7ff753206af8+4241976]
	BaseThreadInitThunk [0x0x7ffe5e07e8d7+23]
	RtlUserThreadStart [0x0x7ffe5ed4c53c+44]

2025-10-14 16:56:03 - LinkedInBot.JobSearch - DEBUG - Error processing job card: Message: invalid session id; For documentation on this error, please visit: https://www.selenium.dev/documentation/webdriver/troubleshooting/errors#invalidsessionidexception
Stacktrace:
	GetHandleVerifier [0x0x7ff752e0e955+80021]
	GetHandleVerifier [0x0x7ff752e0e9b0+80112]
	(No symbol) [0x0x7ff752b90425]
	(No symbol) [0x0x7ff752bd864f]
	(No symbol) [0x0x7ff752c110f2]
	(No symbol) [0x0x7ff752c0b89f]
	(No symbol) [0x0x7ff752c0a94a]
	(No symbol) [0x0x7ff752b5a765]
	GetHandleVerifier [0x0x7ff7530cdd0d+2960461]
	GetHandleVerifier [0x0x7ff7530c7fca+2936586]
	GetHandleVerifier [0x0x7ff7530e8a07+3070279]
	GetHandleVerifier [0x0x7ff752e2843e+185214]
	GetHandleVerifier [0x0x7ff752e2fe8f+216527]
	(No symbol) [0x0x7ff752b5970e]
	GetHandleVerifier [0x0x7ff753206af8+4241976]
	BaseThreadInitThunk [0x0x7ffe5e07e8d7+23]
	RtlUserThreadStart [0x0x7ffe5ed4c53c+44]

2025-10-14 16:56:03 - LinkedInBot.JobSearch - DEBUG - Error processing job card: Message: invalid session id; For documentation on this error, please visit: https://www.selenium.dev/documentation/webdriver/troubleshooting/errors#invalidsessionidexception
Stacktrace:
	GetHandleVerifier [0x0x7ff752e0e955+80021]
	GetHandleVerifier [0x0x7ff752e0e9b0+80112]
	(No symbol) [0x0x7ff752b90425]
	(No symbol) [0x0x7ff752bd864f]
	(No symbol) [0x0x7ff752c110f2]
	(No symbol) [0x0x7ff752c0b89f]
	(No symbol) [0x0x7ff752c0a94a]
	(No symbol) [0x0x7ff752b5a765]
	GetHandleVerifier [0x0x7ff7530cdd0d+2960461]
	GetHandleVerifier [0x0x7ff7530c7fca+2936586]
	GetHandleVerifier [0x0x7ff7530e8a07+3070279]
	GetHandleVerifier [0x0x7ff752e2843e+185214]
	GetHandleVerifier [0x0x7ff752e2fe8f+216527]
	(No symbol) [0x0x7ff752b5970e]
	GetHandleVerifier [0x0x7ff753206af8+4241976]
	BaseThreadInitThunk [0x0x7ffe5e07e8d7+23]
	RtlUserThreadStart [0x0x7ffe5ed4c53c+44]

2025-10-14 16:56:03 - LinkedInBot.JobSearch - DEBUG - Error processing job card: Message: invalid session id; For documentation on this error, please visit: https://www.selenium.dev/documentation/webdriver/troubleshooting/errors#invalidsessionidexception
Stacktrace:
	GetHandleVerifier [0x0x7ff752e0e955+80021]
	GetHandleVerifier [0x0x7ff752e0e9b0+80112]
	(No symbol) [0x0x7ff752b90425]
	(No symbol) [0x0x7ff752bd864f]
	(No symbol) [0x0x7ff752c110f2]
	(No symbol) [0x0x7ff752c0b89f]
	(No symbol) [0x0x7ff752c0a94a]
	(No symbol) [0x0x7ff752b5a765]
	GetHandleVerifier [0x0x7ff7530cdd0d+2960461]
	GetHandleVerifier [0x0x7ff7530c7fca+2936586]
	GetHandleVerifier [0x0x7ff7530e8a07+3070279]
	GetHandleVerifier [0x0x7ff752e2843e+185214]
	GetHandleVerifier [0x0x7ff752e2fe8f+216527]
	(No symbol) [0x0x7ff752b5970e]
	GetHandleVerifier [0x0x7ff753206af8+4241976]
	BaseThreadInitThunk [0x0x7ffe5e07e8d7+23]
	RtlUserThreadStart [0x0x7ffe5ed4c53c+44]

2025-10-14 16:56:03 - LinkedInBot.JobSearch - DEBUG - Error processing job card: Message: invalid session id; For documentation on this error, please visit: https://www.selenium.dev/documentation/webdriver/troubleshooting/errors#invalidsessionidexception
Stacktrace:
	GetHandleVerifier [0x0x7ff752e0e955+80021]
	GetHandleVerifier [0x0x7ff752e0e9b0+80112]
	(No symbol) [0x0x7ff752b90425]
	(No symbol) [0x0x7ff752bd864f]
	(No symbol) [0x0x7ff752c110f2]
	(No symbol) [0x0x7ff752c0b89f]
	(No symbol) [0x0x7ff752c0a94a]
	(No symbol) [0x0x7ff752b5a765]
	GetHandleVerifier [0x0x7ff7530cdd0d+2960461]
	GetHandleVerifier [0x0x7ff7530c7fca+2936586]
	GetHandleVerifier [0x0x7ff7530e8a07+3070279]
	GetHandleVerifier [0x0x7ff752e2843e+185214]
	GetHandleVerifier [0x0x7ff752e2fe8f+216527]
	(No symbol) [0x0x7ff752b5970e]
	GetHandleVerifier [0x0x7ff753206af8+4241976]
	BaseThreadInitThunk [0x0x7ffe5e07e8d7+23]
	RtlUserThreadStart [0x0x7ffe5ed4c53c+44]

2025-10-14 16:56:03 - LinkedInBot.JobSearch - DEBUG - Error processing job card: Message: invalid session id; For documentation on this error, please visit: https://www.selenium.dev/documentation/webdriver/troubleshooting/errors#invalidsessionidexception
Stacktrace:
	GetHandleVerifier [0x0x7ff752e0e955+80021]
	GetHandleVerifier [0x0x7ff752e0e9b0+80112]
	(No symbol) [0x0x7ff752b90425]
	(No symbol) [0x0x7ff752bd864f]
	(No symbol) [0x0x7ff752c110f2]
	(No symbol) [0x0x7ff752c0b89f]
	(No symbol) [0x0x7ff752c0a94a]
	(No symbol) [0x0x7ff752b5a765]
	GetHandleVerifier [0x0x7ff7530cdd0d+2960461]
	GetHandleVerifier [0x0x7ff7530c7fca+2936586]
	GetHandleVerifier [0x0x7ff7530e8a07+3070279]
	GetHandleVerifier [0x0x7ff752e2843e+185214]
	GetHandleVerifier [0x0x7ff752e2fe8f+216527]
	(No symbol) [0x0x7ff752b5970e]
	GetHandleVerifier [0x0x7ff753206af8+4241976]
	BaseThreadInitThunk [0x0x7ffe5e07e8d7+23]
	RtlUserThreadStart [0x0x7ffe5ed4c53c+44]

2025-10-14 16:56:03 - LinkedInBot.JobSearch - DEBUG - Error processing job card: Message: invalid session id; For documentation on this error, please visit: https://www.selenium.dev/documentation/webdriver/troubleshooting/errors#invalidsessionidexception
Stacktrace:
	GetHandleVerifier [0x0x7ff752e0e955+80021]
	GetHandleVerifier [0x0x7ff752e0e9b0+80112]
	(No symbol) [0x0x7ff752b90425]
	(No symbol) [0x0x7ff752bd864f]
	(No symbol) [0x0x7ff752c110f2]
	(No symbol) [0x0x7ff752c0b89f]
	(No symbol) [0x0x7ff752c0a94a]
	(No symbol) [0x0x7ff752b5a765]
	GetHandleVerifier [0x0x7ff7530cdd0d+2960461]
	GetHandleVerifier [0x0x7ff7530c7fca+2936586]
	GetHandleVerifier [0x0x7ff7530e8a07+3070279]
	GetHandleVerifier [0x0x7ff752e2843e+185214]
	GetHandleVerifier [0x0x7ff752e2fe8f+216527]
	(No symbol) [0x0x7ff752b5970e]
	GetHandleVerifier [0x0x7ff753206af8+4241976]
	BaseThreadInitThunk [0x0x7ffe5e07e8d7+23]
	RtlUserThreadStart [0x0x7ffe5ed4c53c+44]

2025-10-14 16:56:03 - LinkedInBot.JobSearch - DEBUG - Error processing job card: Message: invalid session id; For documentation on this error, please visit: https://www.selenium.dev/documentation/webdriver/troubleshooting/errors#invalidsessionidexception
Stacktrace:
	GetHandleVerifier [0x0x7ff752e0e955+80021]
	GetHandleVerifier [0x0x7ff752e0e9b0+80112]
	(No symbol) [0x0x7ff752b90425]
	(No symbol) [0x0x7ff752bd864f]
	(No symbol) [0x0x7ff752c110f2]
	(No symbol) [0x0x7ff752c0b89f]
	(No symbol) [0x0x7ff752c0a94a]
	(No symbol) [0x0x7ff752b5a765]
	GetHandleVerifier [0x0x7ff7530cdd0d+2960461]
	GetHandleVerifier [0x0x7ff7530c7fca+2936586]
	GetHandleVerifier [0x0x7ff7530e8a07+3070279]
	GetHandleVerifier [0x0x7ff752e2843e+185214]
	GetHandleVerifier [0x0x7ff752e2fe8f+216527]
	(No symbol) [0x0x7ff752b5970e]
	GetHandleVerifier [0x0x7ff753206af8+4241976]
	BaseThreadInitThunk [0x0x7ffe5e07e8d7+23]
	RtlUserThreadStart [0x0x7ffe5ed4c53c+44]

2025-10-14 16:56:03 - LinkedInBot.JobSearch - DEBUG - Error processing job card: Message: invalid session id; For documentation on this error, please visit: https://www.selenium.dev/documentation/webdriver/troubleshooting/errors#invalidsessionidexception
Stacktrace:
	GetHandleVerifier [0x0x7ff752e0e955+80021]
	GetHandleVerifier [0x0x7ff752e0e9b0+80112]
	(No symbol) [0x0x7ff752b90425]
	(No symbol) [0x0x7ff752bd864f]
	(No symbol) [0x0x7ff752c110f2]
	(No symbol) [0x0x7ff752c0b89f]
	(No symbol) [0x0x7ff752c0a94a]
	(No symbol) [0x0x7ff752b5a765]
	GetHandleVerifier [0x0x7ff7530cdd0d+2960461]
	GetHandleVerifier [0x0x7ff7530c7fca+2936586]
	GetHandleVerifier [0x0x7ff7530e8a07+3070279]
	GetHandleVerifier [0x0x7ff752e2843e+185214]
	GetHandleVerifier [0x0x7ff752e2fe8f+216527]
	(No symbol) [0x0x7ff752b5970e]
	GetHandleVerifier [0x0x7ff753206af8+4241976]
	BaseThreadInitThunk [0x0x7ffe5e07e8d7+23]
	RtlUserThreadStart [0x0x7ffe5ed4c53c+44]

2025-10-14 16:56:03 - LinkedInBot.JobSearch - DEBUG - Error processing job card: Message: invalid session id; For documentation on this error, please visit: https://www.selenium.dev/documentation/webdriver/troubleshooting/errors#invalidsessionidexception
Stacktrace:
	GetHandleVerifier [0x0x7ff752e0e955+80021]
	GetHandleVerifier [0x0x7ff752e0e9b0+80112]
	(No symbol) [0x0x7ff752b90425]
	(No symbol) [0x0x7ff752bd864f]
	(No symbol) [0x0x7ff752c110f2]
	(No symbol) [0x0x7ff752c0b89f]
	(No symbol) [0x0x7ff752c0a94a]
	(No symbol) [0x0x7ff752b5a765]
	GetHandleVerifier [0x0x7ff7530cdd0d+2960461]
	GetHandleVerifier [0x0x7ff7530c7fca+2936586]
	GetHandleVerifier [0x0x7ff7530e8a07+3070279]
	GetHandleVerifier [0x0x7ff752e2843e+185214]
	GetHandleVerifier [0x0x7ff752e2fe8f+216527]
	(No symbol) [0x0x7ff752b5970e]
	GetHandleVerifier [0x0x7ff753206af8+4241976]
	BaseThreadInitThunk [0x0x7ffe5e07e8d7+23]
	RtlUserThreadStart [0x0x7ffe5ed4c53c+44]

2025-10-14 16:56:03 - LinkedInBot.JobSearch - DEBUG - Error processing job card: Message: invalid session id; For documentation on this error, please visit: https://www.selenium.dev/documentation/webdriver/troubleshooting/errors#invalidsessionidexception
Stacktrace:
	GetHandleVerifier [0x0x7ff752e0e955+80021]
	GetHandleVerifier [0x0x7ff752e0e9b0+80112]
	(No symbol) [0x0x7ff752b90425]
	(No symbol) [0x0x7ff752bd864f]
	(No symbol) [0x0x7ff752c110f2]
	(No symbol) [0x0x7ff752c0b89f]
	(No symbol) [0x0x7ff752c0a94a]
	(No symbol) [0x0x7ff752b5a765]
	GetHandleVerifier [0x0x7ff7530cdd0d+2960461]
	GetHandleVerifier [0x0x7ff7530c7fca+2936586]
	GetHandleVerifier [0x0x7ff7530e8a07+3070279]
	GetHandleVerifier [0x0x7ff752e2843e+185214]
	GetHandleVerifier [0x0x7ff752e2fe8f+216527]
	(No symbol) [0x0x7ff752b5970e]
	GetHandleVerifier [0x0x7ff753206af8+4241976]
	BaseThreadInitThunk [0x0x7ffe5e07e8d7+23]
	RtlUserThreadStart [0x0x7ffe5ed4c53c+44]

2025-10-14 16:56:03 - LinkedInBot.JobSearch - DEBUG - Error processing job card: Message: invalid session id; For documentation on this error, please visit: https://www.selenium.dev/documentation/webdriver/troubleshooting/errors#invalidsessionidexception
Stacktrace:
	GetHandleVerifier [0x0x7ff752e0e955+80021]
	GetHandleVerifier [0x0x7ff752e0e9b0+80112]
	(No symbol) [0x0x7ff752b90425]
	(No symbol) [0x0x7ff752bd864f]
	(No symbol) [0x0x7ff752c110f2]
	(No symbol) [0x0x7ff752c0b89f]
	(No symbol) [0x0x7ff752c0a94a]
	(No symbol) [0x0x7ff752b5a765]
	GetHandleVerifier [0x0x7ff7530cdd0d+2960461]
	GetHandleVerifier [0x0x7ff7530c7fca+2936586]
	GetHandleVerifier [0x0x7ff7530e8a07+3070279]
	GetHandleVerifier [0x0x7ff752e2843e+185214]
	GetHandleVerifier [0x0x7ff752e2fe8f+216527]
	(No symbol) [0x0x7ff752b5970e]
	GetHandleVerifier [0x0x7ff753206af8+4241976]
	BaseThreadInitThunk [0x0x7ffe5e07e8d7+23]
	RtlUserThreadStart [0x0x7ffe5ed4c53c+44]

2025-10-14 16:56:03 - LinkedInBot.JobSearch - DEBUG - Error processing job card: Message: invalid session id; For documentation on this error, please visit: https://www.selenium.dev/documentation/webdriver/troubleshooting/errors#invalidsessionidexception
Stacktrace:
	GetHandleVerifier [0x0x7ff752e0e955+80021]
	GetHandleVerifier [0x0x7ff752e0e9b0+80112]
	(No symbol) [0x0x7ff752b90425]
	(No symbol) [0x0x7ff752bd864f]
	(No symbol) [0x0x7ff752c110f2]
	(No symbol) [0x0x7ff752c0b89f]
	(No symbol) [0x0x7ff752c0a94a]
	(No symbol) [0x0x7ff752b5a765]
	GetHandleVerifier [0x0x7ff7530cdd0d+2960461]
	GetHandleVerifier [0x0x7ff7530c7fca+2936586]
	GetHandleVerifier [0x0x7ff7530e8a07+3070279]
	GetHandleVerifier [0x0x7ff752e2843e+185214]
	GetHandleVerifier [0x0x7ff752e2fe8f+216527]
	(No symbol) [0x0x7ff752b5970e]
	GetHandleVerifier [0x0x7ff753206af8+4241976]
	BaseThreadInitThunk [0x0x7ffe5e07e8d7+23]
	RtlUserThreadStart [0x0x7ffe5ed4c53c+44]

2025-10-14 16:56:03 - LinkedInBot.JobSearch - DEBUG - Error processing job card: Message: invalid session id; For documentation on this error, please visit: https://www.selenium.dev/documentation/webdriver/troubleshooting/errors#invalidsessionidexception
Stacktrace:
	GetHandleVerifier [0x0x7ff752e0e955+80021]
	GetHandleVerifier [0x0x7ff752e0e9b0+80112]
	(No symbol) [0x0x7ff752b90425]
	(No symbol) [0x0x7ff752bd864f]
	(No symbol) [0x0x7ff752c110f2]
	(No symbol) [0x0x7ff752c0b89f]
	(No symbol) [0x0x7ff752c0a94a]
	(No symbol) [0x0x7ff752b5a765]
	GetHandleVerifier [0x0x7ff7530cdd0d+2960461]
	GetHandleVerifier [0x0x7ff7530c7fca+2936586]
	GetHandleVerifier [0x0x7ff7530e8a07+3070279]
	GetHandleVerifier [0x0x7ff752e2843e+185214]
	GetHandleVerifier [0x0x7ff752e2fe8f+216527]
	(No symbol) [0x0x7ff752b5970e]
	GetHandleVerifier [0x0x7ff753206af8+4241976]
	BaseThreadInitThunk [0x0x7ffe5e07e8d7+23]
	RtlUserThreadStart [0x0x7ffe5ed4c53c+44]

2025-10-14 16:56:03 - LinkedInBot.JobSearch - DEBUG - Error processing job card: Message: invalid session id; For documentation on this error, please visit: https://www.selenium.dev/documentation/webdriver/troubleshooting/errors#invalidsessionidexception
Stacktrace:
	GetHandleVerifier [0x0x7ff752e0e955+80021]
	GetHandleVerifier [0x0x7ff752e0e9b0+80112]
	(No symbol) [0x0x7ff752b90425]
	(No symbol) [0x0x7ff752bd864f]
	(No symbol) [0x0x7ff752c110f2]
	(No symbol) [0x0x7ff752c0b89f]
	(No symbol) [0x0x7ff752c0a94a]
	(No symbol) [0x0x7ff752b5a765]
	GetHandleVerifier [0x0x7ff7530cdd0d+2960461]
	GetHandleVerifier [0x0x7ff7530c7fca+2936586]
	GetHandleVerifier [0x0x7ff7530e8a07+3070279]
	GetHandleVerifier [0x0x7ff752e2843e+185214]
	GetHandleVerifier [0x0x7ff752e2fe8f+216527]
	(No symbol) [0x0x7ff752b5970e]
	GetHandleVerifier [0x0x7ff753206af8+4241976]
	BaseThreadInitThunk [0x0x7ffe5e07e8d7+23]
	RtlUserThreadStart [0x0x7ffe5ed4c53c+44]

2025-10-14 16:56:03 - LinkedInBot.JobSearch - DEBUG - Error processing job card: Message: invalid session id; For documentation on this error, please visit: https://www.selenium.dev/documentation/webdriver/troubleshooting/errors#invalidsessionidexception
Stacktrace:
	GetHandleVerifier [0x0x7ff752e0e955+80021]
	GetHandleVerifier [0x0x7ff752e0e9b0+80112]
	(No symbol) [0x0x7ff752b90425]
	(No symbol) [0x0x7ff752bd864f]
	(No symbol) [0x0x7ff752c110f2]
	(No symbol) [0x0x7ff752c0b89f]
	(No symbol) [0x0x7ff752c0a94a]
	(No symbol) [0x0x7ff752b5a765]
	GetHandleVerifier [0x0x7ff7530cdd0d+2960461]
	GetHandleVerifier [0x0x7ff7530c7fca+2936586]
	GetHandleVerifier [0x0x7ff7530e8a07+3070279]
	GetHandleVerifier [0x0x7ff752e2843e+185214]
	GetHandleVerifier [0x0x7ff752e2fe8f+216527]
	(No symbol) [0x0x7ff752b5970e]
	GetHandleVerifier [0x0x7ff753206af8+4241976]
	BaseThreadInitThunk [0x0x7ffe5e07e8d7+23]
	RtlUserThreadStart [0x0x7ffe5ed4c53c+44]

2025-10-14 16:56:03 - LinkedInBot.JobSearch - DEBUG - Error processing job card: Message: invalid session id; For documentation on this error, please visit: https://www.selenium.dev/documentation/webdriver/troubleshooting/errors#invalidsessionidexception
Stacktrace:
	GetHandleVerifier [0x0x7ff752e0e955+80021]
	GetHandleVerifier [0x0x7ff752e0e9b0+80112]
	(No symbol) [0x0x7ff752b90425]
	(No symbol) [0x0x7ff752bd864f]
	(No symbol) [0x0x7ff752c110f2]
	(No symbol) [0x0x7ff752c0b89f]
	(No symbol) [0x0x7ff752c0a94a]
	(No symbol) [0x0x7ff752b5a765]
	GetHandleVerifier [0x0x7ff7530cdd0d+2960461]
	GetHandleVerifier [0x0x7ff7530c7fca+2936586]
	GetHandleVerifier [0x0x7ff7530e8a07+3070279]
	GetHandleVerifier [0x0x7ff752e2843e+185214]
	GetHandleVerifier [0x0x7ff752e2fe8f+216527]
	(No symbol) [0x0x7ff752b5970e]
	GetHandleVerifier [0x0x7ff753206af8+4241976]
	BaseThreadInitThunk [0x0x7ffe5e07e8d7+23]
	RtlUserThreadStart [0x0x7ffe5ed4c53c+44]

2025-10-14 16:56:03 - LinkedInBot.JobSearch - DEBUG - Error processing job card: Message: invalid session id; For documentation on this error, please visit: https://www.selenium.dev/documentation/webdriver/troubleshooting/errors#invalidsessionidexception
Stacktrace:
	GetHandleVerifier [0x0x7ff752e0e955+80021]
	GetHandleVerifier [0x0x7ff752e0e9b0+80112]
	(No symbol) [0x0x7ff752b90425]
	(No symbol) [0x0x7ff752bd864f]
	(No symbol) [0x0x7ff752c110f2]
	(No symbol) [0x0x7ff752c0b89f]
	(No symbol) [0x0x7ff752c0a94a]
	(No symbol) [0x0x7ff752b5a765]
	GetHandleVerifier [0x0x7ff7530cdd0d+2960461]
	GetHandleVerifier [0x0x7ff7530c7fca+2936586]
	GetHandleVerifier [0x0x7ff7530e8a07+3070279]
	GetHandleVerifier [0x0x7ff752e2843e+185214]
	GetHandleVerifier [0x0x7ff752e2fe8f+216527]
	(No symbol) [0x0x7ff752b5970e]
	GetHandleVerifier [0x0x7ff753206af8+4241976]
	BaseThreadInitThunk [0x0x7ffe5e07e8d7+23]
	RtlUserThreadStart [0x0x7ffe5ed4c53c+44]

2025-10-14 16:56:03 - LinkedInBot.JobSearch - DEBUG - Error processing job card: Message: invalid session id; For documentation on this error, please visit: https://www.selenium.dev/documentation/webdriver/troubleshooting/errors#invalidsessionidexception
Stacktrace:
	GetHandleVerifier [0x0x7ff752e0e955+80021]
	GetHandleVerifier [0x0x7ff752e0e9b0+80112]
	(No symbol) [0x0x7ff752b90425]
	(No symbol) [0x0x7ff752bd864f]
	(No symbol) [0x0x7ff752c110f2]
	(No symbol) [0x0x7ff752c0b89f]
	(No symbol) [0x0x7ff752c0a94a]
	(No symbol) [0x0x7ff752b5a765]
	GetHandleVerifier [0x0x7ff7530cdd0d+2960461]
	GetHandleVerifier [0x0x7ff7530c7fca+2936586]
	GetHandleVerifier [0x0x7ff7530e8a07+3070279]
	GetHandleVerifier [0x0x7ff752e2843e+185214]
	GetHandleVerifier [0x0x7ff752e2fe8f+216527]
	(No symbol) [0x0x7ff752b5970e]
	GetHandleVerifier [0x0x7ff753206af8+4241976]
	BaseThreadInitThunk [0x0x7ffe5e07e8d7+23]
	RtlUserThreadStart [0x0x7ffe5ed4c53c+44]

2025-10-14 16:56:03 - LinkedInBot.JobSearch - ERROR - Error in real-time search: Message: invalid session id; For documentation on this error, please visit: https://www.selenium.dev/documentation/webdriver/troubleshooting/errors#invalidsessionidexception
Stacktrace:
	GetHandleVerifier [0x0x7ff752e0e955+80021]
	GetHandleVerifier [0x0x7ff752e0e9b0+80112]
	(No symbol) [0x0x7ff752b90425]
	(No symbol) [0x0x7ff752bd864f]
	(No symbol) [0x0x7ff752c110f2]
	(No symbol) [0x0x7ff752c0b89f]
	(No symbol) [0x0x7ff752c0a94a]
	(No symbol) [0x0x7ff752b5a765]
	GetHandleVerifier [0x0x7ff7530cdd0d+2960461]
	GetHandleVerifier [0x0x7ff7530c7fca+2936586]
	GetHandleVerifier [0x0x7ff7530e8a07+3070279]
	GetHandleVerifier [0x0x7ff752e2843e+185214]
	GetHandleVerifier [0x0x7ff752e2fe8f+216527]
	(No symbol) [0x0x7ff752b5970e]
	GetHandleVerifier [0x0x7ff753206af8+4241976]
	BaseThreadInitThunk [0x0x7ffe5e07e8d7+23]
	RtlUserThreadStart [0x0x7ffe5ed4c53c+44]

2025-10-14 16:56:03 - LinkedInBot - INFO - Processed 3 jobs for 'Software Engineer', applied to 3
2025-10-14 16:56:03 - LinkedInBot - INFO - ================================================================================
2025-10-14 16:56:03 - LinkedInBot - INFO - Automation completed!
2025-10-14 16:56:03 - LinkedInBot - ERROR - Fatal error occurred: name 'job_listings' is not defined
Traceback (most recent call last):
  File "C:\Users\USER\Desktop\Job_Apply\linkedin_job_bot\main.py", line 69, in main
    logger.info(f"Total jobs processed: {len(job_listings)}")
                                             ^^^^^^^^^^^^
NameError: name 'job_listings' is not defined
2025-10-14 16:56:05 - LinkedInBot - INFO - Browser closed successfully
