2025-10-12 02:01:22 - LinkedInBot - INFO - Log file created: logs\linkedin_bot_20251012_020122.log
2025-10-12 02:01:23 - LinkedInBot - INFO - ================================================================================
2025-10-12 02:01:23 - LinkedInBot - INFO - LinkedIn Job Application Bot Started
2025-10-12 02:01:23 - LinkedInBot - INFO - Session started at: 2025-10-12 02:01:23
2025-10-12 02:01:23 - LinkedInBot - INFO - ================================================================================
2025-10-12 02:01:23 - LinkedInBot - INFO - Configuration loaded successfully
2025-10-12 02:01:23 - LinkedInBot.Auth - INFO - Initializing browser...
2025-10-12 02:01:24 - LinkedInBot.Auth - INFO - Navigating to LinkedIn login page...
2025-10-12 02:01:26 - LinkedInBot.Auth - DEBUG - Entering email...
2025-10-12 02:01:27 - LinkedInBot.Auth - DEBUG - Entering password...
2025-10-12 02:01:27 - LinkedInBot.Auth - DEBUG - Clicking sign in button...
2025-10-12 02:01:33 - LinkedInBot.Auth - INFO - Waiting for login to complete...
2025-10-12 02:01:38 - LinkedInBot.Auth - INFO - ✓ Login successful!
2025-10-12 02:01:38 - LinkedInBot - INFO - LinkedIn login successful
2025-10-12 02:01:38 - LinkedInBot.JobSearch - INFO - Searching for: Software Engineer
2025-10-12 02:01:38 - LinkedInBot.JobSearch - DEBUG - Navigating to: https://www.linkedin.com/jobs/search/?keywords=Software%20Engineer&location=India&f_AL=true
2025-10-12 02:02:31 - LinkedInBot.JobSearch - DEBUG - Found job list with selector: .scaffold-layout__list
2025-10-12 02:02:34 - LinkedInBot.JobSearch - DEBUG - Found 25 jobs with selector: li.scaffold-layout__list-item
2025-10-12 02:02:34 - LinkedInBot.JobSearch - DEBUG - Collected 5 jobs so far...
2025-10-12 02:02:36 - LinkedInBot.JobSearch - INFO - Successfully collected 5 job cards
2025-10-12 02:02:36 - LinkedInBot.JobSearch - INFO - Found 5 jobs for 'Software Engineer'
2025-10-12 02:02:36 - LinkedInBot.JobSearch - DEBUG - Added job with ID: 4309568356
2025-10-12 02:02:36 - LinkedInBot.JobSearch - DEBUG - Added job with ID: 4313505735
2025-10-12 02:02:36 - LinkedInBot.JobSearch - DEBUG - Added job with ID: 4311214975
2025-10-12 02:02:36 - LinkedInBot.JobSearch - DEBUG - Added job with ID: 4263254777
2025-10-12 02:02:36 - LinkedInBot.JobSearch - DEBUG - Added job with ID: 4306208343
2025-10-12 02:02:36 - LinkedInBot.JobSearch - INFO - Deduplication: 5 -> 5 unique jobs
2025-10-12 02:02:36 - LinkedInBot.JobSearch - INFO - Total unique jobs found: 5
2025-10-12 02:02:36 - LinkedInBot - INFO - Found 5 job listings to process
2025-10-12 02:02:36 - LinkedInBot - INFO - 
[1/5] Processing job listing...
2025-10-12 02:02:40 - LinkedInBot - INFO - Job: Unknown at Unknown
2025-10-12 02:02:41 - LinkedInBot - INFO - Clicked Easy Apply button
2025-10-12 02:02:44 - LinkedInBot - DEBUG - Processing form step 1...
2025-10-12 02:02:47 - LinkedInBot - DEBUG - Uploaded resume
2025-10-12 02:02:50 - LinkedInBot - DEBUG - Clicked Submit button
2025-10-12 02:02:50 - LinkedInBot - INFO - ✓ Application submitted successfully!
2025-10-12 02:02:54 - LinkedInBot - DEBUG - Closed success modal
2025-10-12 02:02:54 - LinkedInBot - INFO - ✓ Successfully applied! Total applications: 1
2025-10-12 02:02:54 - LinkedInBot - ERROR - Fatal error occurred: name 'time' is not defined
Traceback (most recent call last):
  File "C:\Users\USER\Desktop\Job_Apply\linkedin_job_bot\main.py", line 62, in main
    time.sleep(2)
    ^^^^
NameError: name 'time' is not defined. Did you forget to import 'time'?
