2025-10-12 16:51:09 - LinkedInBot - INFO - Log file created: logs\linkedin_bot_20251012_165109.log
2025-10-12 16:51:09 - LinkedInBot - INFO - ================================================================================
2025-10-12 16:51:09 - LinkedInBot - INFO - LinkedIn Job Application Bot Started
2025-10-12 16:51:09 - LinkedInBot - INFO - Session started at: 2025-10-12 16:51:09
2025-10-12 16:51:09 - LinkedInBot - INFO - ================================================================================
2025-10-12 16:51:09 - LinkedInBot - INFO - Configuration loaded successfully
2025-10-12 16:51:09 - LinkedInBot.Auth - INFO - Initializing browser...
2025-10-12 16:51:11 - LinkedInBot.Auth - INFO - Navigating to LinkedIn login page...
2025-10-12 16:51:12 - LinkedInBot.Auth - DEBUG - Entering email...
2025-10-12 16:51:13 - LinkedInBot.Auth - DEBUG - Entering password...
2025-10-12 16:51:14 - LinkedInBot.Auth - DEBUG - Clicking sign in button...
2025-10-12 16:51:19 - LinkedInBot.Auth - INFO - Waiting for login to complete...
2025-10-12 16:51:24 - LinkedInBot.Auth - INFO - ✓ Login successful!
2025-10-12 16:51:24 - LinkedInBot - INFO - LinkedIn login successful
2025-10-12 16:51:24 - LinkedInBot.JobSearch - INFO - Searching for: Software Engineer
2025-10-12 16:51:24 - LinkedInBot.JobSearch - DEBUG - Navigating to: https://www.linkedin.com/jobs/search/?keywords=Software%20Engineer&f_AL=true
2025-10-12 16:52:17 - LinkedInBot.JobSearch - DEBUG - Found job list with selector: .scaffold-layout__list
2025-10-12 16:52:20 - LinkedInBot.JobSearch - DEBUG - Found 25 jobs with selector: li.scaffold-layout__list-item
2025-10-12 16:52:20 - LinkedInBot.JobSearch - DEBUG - Collected 20 jobs so far...
2025-10-12 16:52:23 - LinkedInBot.JobSearch - INFO - Successfully collected 20 job cards
2025-10-12 16:52:23 - LinkedInBot.JobSearch - INFO - Found 20 jobs for 'Software Engineer'
2025-10-12 16:52:23 - LinkedInBot.JobSearch - DEBUG - Added job with ID: 4313685013
2025-10-12 16:52:23 - LinkedInBot.JobSearch - DEBUG - Added job with ID: 4300827638
2025-10-12 16:52:23 - LinkedInBot.JobSearch - DEBUG - Added job with ID: 4312654675
2025-10-12 16:52:23 - LinkedInBot.JobSearch - DEBUG - Added job with ID: 4311630403
2025-10-12 16:52:23 - LinkedInBot.JobSearch - DEBUG - Added job with ID: 4309223132
2025-10-12 16:52:23 - LinkedInBot.JobSearch - DEBUG - Added job with ID: 4310246850
2025-10-12 16:52:23 - LinkedInBot.JobSearch - DEBUG - Added job with ID: 4312669523
2025-10-12 16:52:23 - LinkedInBot.JobSearch - DEBUG - Added job with ID: 4306347803
2025-10-12 16:52:23 - LinkedInBot.JobSearch - DEBUG - Added job with ID: 4257938946
2025-10-12 16:52:23 - LinkedInBot.JobSearch - DEBUG - Added job with ID: 4312672242
2025-10-12 16:52:23 - LinkedInBot.JobSearch - DEBUG - Added job with ID: 4310280560
2025-10-12 16:52:23 - LinkedInBot.JobSearch - DEBUG - Added job with ID: 4309237210
2025-10-12 16:52:23 - LinkedInBot.JobSearch - DEBUG - Added job with ID: 4192214532
2025-10-12 16:52:23 - LinkedInBot.JobSearch - DEBUG - Added job with ID: 4307375079
2025-10-12 16:52:23 - LinkedInBot.JobSearch - DEBUG - Added job with ID: 4313699355
2025-10-12 16:52:23 - LinkedInBot.JobSearch - DEBUG - Added job with ID: 4312818116
2025-10-12 16:52:23 - LinkedInBot.JobSearch - DEBUG - Added job with ID: 4306446975
2025-10-12 16:52:23 - LinkedInBot.JobSearch - DEBUG - Added job with ID: 3659334942
2025-10-12 16:52:23 - LinkedInBot.JobSearch - DEBUG - Added job with ID: 4306694399
2025-10-12 16:52:23 - LinkedInBot.JobSearch - DEBUG - Added job with ID: 4294044091
2025-10-12 16:52:23 - LinkedInBot.JobSearch - INFO - Deduplication: 20 -> 20 unique jobs
2025-10-12 16:52:23 - LinkedInBot.JobSearch - INFO - Total unique jobs found: 20
2025-10-12 16:52:23 - LinkedInBot - INFO - Found 20 job listings to process
2025-10-12 16:52:23 - LinkedInBot - INFO - 
[1/20] Processing job listing...
2025-10-12 16:52:27 - LinkedInBot - INFO - Job: Unknown at Unknown
2025-10-12 16:52:28 - LinkedInBot - INFO - Clicked Easy Apply button
2025-10-12 16:52:31 - LinkedInBot - DEBUG - Processing form step 1...
2025-10-12 16:52:33 - LinkedInBot - DEBUG - Uploaded resume
2025-10-12 16:52:36 - LinkedInBot - DEBUG - Clicked Submit button
2025-10-12 16:52:36 - LinkedInBot - INFO - ✓ Application submitted successfully!
2025-10-12 16:52:40 - LinkedInBot - DEBUG - Closed success modal
2025-10-12 16:52:40 - LinkedInBot - INFO - ✓ Successfully applied! Total applications: 1
2025-10-12 16:52:41 - LinkedInBot - INFO - 
[2/20] Processing job listing...
2025-10-12 16:52:45 - LinkedInBot - INFO - Job: Unknown at Unknown
2025-10-12 16:52:46 - LinkedInBot - INFO - Clicked Easy Apply button
2025-10-12 16:52:49 - LinkedInBot - DEBUG - Processing form step 1...
2025-10-12 16:52:52 - LinkedInBot - DEBUG - Clicked Continue button
2025-10-12 16:52:52 - LinkedInBot - DEBUG - Moved to next step
2025-10-12 16:52:52 - LinkedInBot - DEBUG - Processing form step 2...
2025-10-12 16:52:54 - LinkedInBot - DEBUG - Uploaded resume
2025-10-12 16:52:57 - LinkedInBot - DEBUG - Clicked Continue button
2025-10-12 16:52:57 - LinkedInBot - DEBUG - Moved to next step
2025-10-12 16:52:57 - LinkedInBot - DEBUG - Processing form step 3...
2025-10-12 16:53:00 - LinkedInBot - DEBUG - Clicked Review button
2025-10-12 16:53:00 - LinkedInBot - DEBUG - Reviewing application
2025-10-12 16:53:00 - LinkedInBot - DEBUG - Processing form step 4...
2025-10-12 16:53:03 - LinkedInBot - DEBUG - Clicked Review button
2025-10-12 16:53:03 - LinkedInBot - DEBUG - Reviewing application
2025-10-12 16:53:03 - LinkedInBot - DEBUG - Processing form step 5...
2025-10-12 16:53:07 - LinkedInBot - DEBUG - Clicked Review button
2025-10-12 16:53:07 - LinkedInBot - DEBUG - Reviewing application
2025-10-12 16:53:07 - LinkedInBot - DEBUG - Processing form step 6...
2025-10-12 16:53:10 - LinkedInBot - DEBUG - Clicked Review button
2025-10-12 16:53:10 - LinkedInBot - DEBUG - Reviewing application
2025-10-12 16:53:10 - LinkedInBot - DEBUG - Processing form step 7...
2025-10-12 16:53:13 - LinkedInBot - DEBUG - Clicked Review button
2025-10-12 16:53:13 - LinkedInBot - DEBUG - Reviewing application
2025-10-12 16:53:13 - LinkedInBot - DEBUG - Processing form step 8...
2025-10-12 16:53:16 - LinkedInBot - DEBUG - Clicked Review button
2025-10-12 16:53:16 - LinkedInBot - DEBUG - Reviewing application
2025-10-12 16:53:16 - LinkedInBot - DEBUG - Processing form step 9...
2025-10-12 16:53:19 - LinkedInBot - DEBUG - Clicked Review button
2025-10-12 16:53:19 - LinkedInBot - DEBUG - Reviewing application
2025-10-12 16:53:19 - LinkedInBot - DEBUG - Processing form step 10...
2025-10-12 16:53:22 - LinkedInBot - DEBUG - Element became stale, retrying...
2025-10-12 16:53:23 - LinkedInBot - DEBUG - Element became stale, retrying...
2025-10-12 16:53:24 - LinkedInBot - DEBUG - Element became stale, retrying...
2025-10-12 16:53:25 - LinkedInBot - ERROR - Error clicking navigation button: Message: stale element reference: stale element not found in the current frame
  (Session info: chrome=141.0.7390.77); For documentation on this error, please visit: https://www.selenium.dev/documentation/webdriver/troubleshooting/errors#staleelementreferenceexception
Stacktrace:
	GetHandleVerifier [0x0x7ff7918ae955+80021]
	GetHandleVerifier [0x0x7ff7918ae9b0+80112]
	(No symbol) [0x0x7ff79163060f]
	(No symbol) [0x0x7ff79163816a]
	(No symbol) [0x0x7ff79163b5b2]
	(No symbol) [0x0x7ff7916daa1b]
	(No symbol) [0x0x7ff7916b122a]
	(No symbol) [0x0x7ff7916d968a]
	(No symbol) [0x0x7ff7916b1003]
	(No symbol) [0x0x7ff7916795d1]
	(No symbol) [0x0x7ff79167a3f3]
	GetHandleVerifier [0x0x7ff791b6dd0d+2960461]
	GetHandleVerifier [0x0x7ff791b67fca+2936586]
	GetHandleVerifier [0x0x7ff791b88a07+3070279]
	GetHandleVerifier [0x0x7ff7918c843e+185214]
	GetHandleVerifier [0x0x7ff7918cfe8f+216527]
	GetHandleVerifier [0x0x7ff7918b7b94+117460]
	GetHandleVerifier [0x0x7ff7918b7d4f+117903]
	GetHandleVerifier [0x0x7ff79189dc28+11112]
	BaseThreadInitThunk [0x0x7ffe5e07e8d7+23]
	RtlUserThreadStart [0x0x7ffe5ed4c53c+44]

2025-10-12 16:53:25 - LinkedInBot - WARNING - Could not find next/submit button, discarding application
2025-10-12 16:53:25 - LinkedInBot - WARNING - ✗ Could not apply to this job
2025-10-12 16:53:26 - LinkedInBot - INFO - 
[3/20] Processing job listing...
2025-10-12 16:53:28 - LinkedInBot - WARNING - Bot stopped by user
2025-10-12 16:53:40 - LinkedInBot - INFO - Browser closed successfully
