2025-10-12 16:45:08 - LinkedInBot - INFO - Log file created: logs\linkedin_bot_20251012_164508.log
2025-10-12 16:45:08 - LinkedInBot - INFO - ================================================================================
2025-10-12 16:45:08 - LinkedInBot - INFO - LinkedIn Job Application Bot Started
2025-10-12 16:45:08 - LinkedInBot - INFO - Session started at: 2025-10-12 16:45:08
2025-10-12 16:45:08 - LinkedInBot - INFO - ================================================================================
2025-10-12 16:45:08 - LinkedInBot - INFO - Configuration loaded successfully
2025-10-12 16:45:08 - LinkedInBot.Auth - INFO - Initializing browser...
2025-10-12 16:45:11 - LinkedInBot.Auth - INFO - Navigating to LinkedIn login page...
2025-10-12 16:45:13 - LinkedInBot.Auth - DEBUG - Entering email...
2025-10-12 16:45:14 - LinkedInBot.Auth - DEBUG - Entering password...
2025-10-12 16:45:14 - LinkedInBot.Auth - DEBUG - Clicking sign in button...
2025-10-12 16:45:20 - LinkedInBot.Auth - INFO - Waiting for login to complete...
2025-10-12 16:45:25 - LinkedInBot.Auth - INFO - ✓ Login successful!
2025-10-12 16:45:25 - LinkedInBot - INFO - LinkedIn login successful
2025-10-12 16:45:25 - LinkedInBot.JobSearch - INFO - Searching for: Software Engineer
2025-10-12 16:45:25 - LinkedInBot.JobSearch - DEBUG - Navigating to: https://www.linkedin.com/jobs/search/?keywords=Software%20Engineer&location=India&f_AL=true
2025-10-12 16:45:54 - LinkedInBot.JobSearch - ERROR - Error collecting jobs: Message: invalid session id: session deleted as the browser has closed the connection
from disconnected: not connected to DevTools
  (Session info: chrome=141.0.7390.77); For documentation on this error, please visit: https://www.selenium.dev/documentation/webdriver/troubleshooting/errors#invalidsessionidexception
Stacktrace:
	GetHandleVerifier [0x0x7ff7918ae955+80021]
	GetHandleVerifier [0x0x7ff7918ae9b0+80112]
	(No symbol) [0x0x7ff79163060f]
	(No symbol) [0x0x7ff79161c145]
	(No symbol) [0x0x7ff79164177a]
	(No symbol) [0x0x7ff7916b8b06]
	(No symbol) [0x0x7ff7916d8fa2]
	(No symbol) [0x0x7ff7916b1003]
	(No symbol) [0x0x7ff7916795d1]
	(No symbol) [0x0x7ff79167a3f3]
	GetHandleVerifier [0x0x7ff791b6dd0d+2960461]
	GetHandleVerifier [0x0x7ff791b67fca+2936586]
	GetHandleVerifier [0x0x7ff791b88a07+3070279]
	GetHandleVerifier [0x0x7ff7918c843e+185214]
	GetHandleVerifier [0x0x7ff7918cfe8f+216527]
	GetHandleVerifier [0x0x7ff7918b7b94+117460]
	GetHandleVerifier [0x0x7ff7918b7d4f+117903]
	GetHandleVerifier [0x0x7ff79189dc28+11112]
	BaseThreadInitThunk [0x0x7ffe5e07e8d7+23]
	RtlUserThreadStart [0x0x7ffe5ed4c53c+44]

2025-10-12 16:45:54 - LinkedInBot.JobSearch - INFO - Found 0 jobs for 'Software Engineer'
2025-10-12 16:45:54 - LinkedInBot.JobSearch - INFO - Deduplication: 0 -> 0 unique jobs
2025-10-12 16:45:54 - LinkedInBot.JobSearch - INFO - Total unique jobs found: 0
2025-10-12 16:45:54 - LinkedInBot - INFO - Found 0 job listings to process
2025-10-12 16:45:54 - LinkedInBot - INFO - ================================================================================
2025-10-12 16:45:54 - LinkedInBot - INFO - Automation completed!
2025-10-12 16:45:54 - LinkedInBot - INFO - Total jobs processed: 0
2025-10-12 16:45:54 - LinkedInBot - INFO - Successfully applied: 0
2025-10-12 16:45:54 - LinkedInBot - INFO - Session ended at: 2025-10-12 16:45:54
2025-10-12 16:45:54 - LinkedInBot - INFO - ================================================================================
